../Core/Src/gui.c:133:6:DuckEngine_Render_Label	24	static
../Core/Src/gui.c:162:6:DuckEngine_Render_Button	24	static
../Core/Src/gui.c:223:6:DuckEngine_Render_Image	16	static
../Core/Src/gui.c:242:6:DuckEngine_Render_App	24	static
../Core/Src/gui.c:346:12:Duck_UART_ReadLine	32	static
../Core/Src/gui.c:25:6:DuckEngine_BindDriver	0	static
../Core/Src/gui.c:29:6:DuckEngine_Init_Page	0	static
../Core/Src/gui.c:41:6:DuckEngine_Add2Page	0	static
../Core/Src/gui.c:54:13:DuckEngine_Get_Previous_Page	0	static
../Core/Src/gui.c:58:11:DuckEngine_Get_CurrentPage	0	static
../Core/Src/gui.c:89:6:DuckEngine_Clear_Screen	8	static
../Core/Src/gui.c:83:6:DuckEngine_Refresh_Screen	8	static
../Core/Src/gui.c:49:6:DuckEngine_Set_StartUpPage	8	static
../Core/Src/gui.c:93:6:DuckEngine_Render	16	static
../Core/Src/gui.c:130:13:DuckEngineHanleInput	0	static
../Core/Src/gui.c:138:13:DuckEngine_Create_Label	32	static
../Core/Src/gui.c:156:6:DuckEngine_SetText_Label	8	static
../Core/Src/gui.c:171:13:DuckEngine_Create_Button	64	static
../Core/Src/gui.c:228:13:DuckEngine_Create_Image	16	static
../Core/Src/gui.c:256:13:DuckEngine_Create_App	80	static
../Core/Src/gui.c:320:10:DuckEngine_Get_Font_From_String	8	static
../Core/Src/gui.c:326:11:get_icon_ptr	8	static
../Core/Src/gui.c:335:8:DuckEngine_Get_OnPressed_From_String	16	static
../Core/Src/gui.c:365:13:DuckEngine_Get_PageType_From_String	8	static
../Core/Src/gui.c:373:13:DuckEngine_PageType_To_String	0	static
../Core/Src/gui.c:383:6:DuckEngine_Create_Page_From_UART	672	static
../Core/Src/gui.c:446:6:DuckEngine_Select_Object	24	static
../Core/Src/gui.c:63:6:DuckEngine_Set_CurrentPage	16	static
../Core/Src/gui.c:104:6:DuckEngine_MoveNav_Left	8	static
../Core/Src/gui.c:117:6:DuckEngine_MoveNav_Right	8	static
../Core/Src/gui.c:450:6:DuckEngine_Remove_Selected_Object	0	static
