../Core/Src/main.c:266:6:BackToHome	8	static
../Core/Src/main.c:277:6:OpenWifiModal	64	static
../Core/Src/main.c:347:6:OpenConfigModal	64	static
../Core/Src/main.c:616:13:MX_GPIO_Init	56	static
../Core/Src/main.c:557:13:MX_SPI1_Init	8	static
../Core/Src/main.c:578:13:MX_SPI2_Init	8	static
../Core/Src/main.c:515:13:MX_ADC1_Init	32	static
../Core/Src/main.c:536:13:MX_ADC2_Init	32	static
../Core/Src/main.c:599:13:MX_USART3_UART_Init	8	static
../Core/Src/main.c:81:6:draw_rectangle	24	static
../Core/Src/main.c:84:6:drawQRCode	40	static
../Core/Src/main.c:98:8:my_filter_adc	0	static
../Core/Src/main.c:107:6:DuckEngineHanleInput	24	static
../Core/Src/main.c:722:6:InputTask	8	static
../Core/Src/main.c:183:6:DuckEngine_Draw_Header	16	static
../Core/Src/main.c:186:6:DuckEngine_Draw_Footer	16	static
../Core/Src/main.c:189:5:_write	8	static
../Core/Src/main.c:196:6:sendUARTCommand	32	static
../Core/Src/main.c:229:6:getStorageInfo	16	static
../Core/Src/main.c:235:6:getFilesInfo	16	static
../Core/Src/main.c:242:6:getUptime	16	static
../Core/Src/main.c:248:6:getMemoryInfo	16	static
../Core/Src/main.c:254:6:getWiFiStatus	16	static
../Core/Src/main.c:260:6:showLoadingModal	32	static
../Core/Src/main.c:294:6:UpdateWifiModal	7880	static
../Core/Src/main.c:375:6:HomePage	136	static
../Core/Src/main.c:403:6:UpdateHomePageLabels	144	static
../Core/Src/main.c:660:6:StartDefaultTask	24	static
../Core/Src/main.c:486:6:SystemClock_Config	96	static
../Core/Src/main.c:452:5:main	80	static
../Core/Src/main.c:734:6:HAL_TIM_PeriodElapsedCallback	8	static
../Core/Src/main.c:744:6:Error_Handler	0	static,ignoring_inline_asm
