../Core/Src/st7789.c:68:13:ST7789_WriteSmallData	16	static
../Core/Src/st7789.c:20:6:ST7789_WriteCommand	16	static
../Core/Src/st7789.c:36:6:ST7789_WriteData	16	static
../Core/Src/st7789.c:81:6:ST7789_SetRotation	8	static
../Core/Src/st7789.c:107:6:ST7789_SetAddressWindow	32	static
../Core/Src/st7789.c:201:6:ST7789_Fill_Color	24	static
../Core/Src/st7789.c:136:6:ST7789_Init	24	static
../Core/Src/st7789.c:230:6:ST7789_DrawPixel	16	static
../Core/Src/st7789.c:249:6:ST7789_Fill	40	static
../Core/Src/st7789.c:270:6:ST7789_DrawPixel_4px	32	static
../Core/Src/st7789.c:286:6:ST7789_DrawLine	48	static
../Core/Src/st7789.c:347:6:ST7789_DrawRectangle	40	static
../Core/Src/st7789.c:364:6:ST7789_DrawCircle	64	static
../Core/Src/st7789.c:408:6:ST7789_DrawImage	24	static
../Core/Src/st7789.c:428:6:ST7789_InvertColors	8	static
../Core/Src/st7789.c:444:6:ST7789_WriteChar	48	static
../Core/Src/st7789.c:475:6:ST7789_WriteString	48	static
../Core/Src/st7789.c:506:6:ST7789_DrawFilledRectangle	40	static
../Core/Src/st7789.c:540:6:ST7789_DrawTriangle	48	static
../Core/Src/st7789.c:556:6:ST7789_DrawFilledTriangle	80	static
../Core/Src/st7789.c:625:6:ST7789_DrawFilledCircle	64	static
../Core/Src/st7789.c:659:6:ST7789_DrawFilledRoundedRect	56	static
../Core/Src/st7789.c:681:6:ST7789_TearEffect	8	static
../Core/Src/st7789.c:694:6:ST7789_Test	48	static
