Archive member included to satisfy reference by file (symbol)

C:/ST/STM32CubeIDE_1.19.0/STM32CubeIDE/plugins/com.st.stm32cube.ide.mcu.externaltools.gnu-tools-for-stm32.13.3.rel1.win32_1.0.0.202411081344/tools/bin/../lib/gcc/arm-none-eabi/13.3.1/../../../../arm-none-eabi/lib/thumb/v7-m/nofp\libc_nano.a(libc_a-assert.o)
                              ./Core/Src/qrcodegen.o (__assert_func)
C:/ST/STM32CubeIDE_1.19.0/STM32CubeIDE/plugins/com.st.stm32cube.ide.mcu.externaltools.gnu-tools-for-stm32.13.3.rel1.win32_1.0.0.202411081344/tools/bin/../lib/gcc/arm-none-eabi/13.3.1/../../../../arm-none-eabi/lib/thumb/v7-m/nofp\libc_nano.a(libc_a-atoi.o)
                              ./Core/Src/gui.o (atoi)
C:/ST/STM32CubeIDE_1.19.0/STM32CubeIDE/plugins/com.st.stm32cube.ide.mcu.externaltools.gnu-tools-for-stm32.13.3.rel1.win32_1.0.0.202411081344/tools/bin/../lib/gcc/arm-none-eabi/13.3.1/../../../../arm-none-eabi/lib/thumb/v7-m/nofp\libc_nano.a(libc_a-exit.o)
                              C:/ST/STM32CubeIDE_1.19.0/STM32CubeIDE/plugins/com.st.stm32cube.ide.mcu.externaltools.gnu-tools-for-stm32.13.3.rel1.win32_1.0.0.202411081344/tools/bin/../lib/gcc/arm-none-eabi/13.3.1/../../../../arm-none-eabi/lib/thumb/v7-m/nofp/crt0.o (exit)
C:/ST/STM32CubeIDE_1.19.0/STM32CubeIDE/plugins/com.st.stm32cube.ide.mcu.externaltools.gnu-tools-for-stm32.13.3.rel1.win32_1.0.0.202411081344/tools/bin/../lib/gcc/arm-none-eabi/13.3.1/../../../../arm-none-eabi/lib/thumb/v7-m/nofp\libc_nano.a(libc_a-malloc.o)
                              ./Middlewares/Third_Party/FatFs/src/option/syscall.o (malloc)
C:/ST/STM32CubeIDE_1.19.0/STM32CubeIDE/plugins/com.st.stm32cube.ide.mcu.externaltools.gnu-tools-for-stm32.13.3.rel1.win32_1.0.0.202411081344/tools/bin/../lib/gcc/arm-none-eabi/13.3.1/../../../../arm-none-eabi/lib/thumb/v7-m/nofp\libc_nano.a(libc_a-mallocr.o)
                              C:/ST/STM32CubeIDE_1.19.0/STM32CubeIDE/plugins/com.st.stm32cube.ide.mcu.externaltools.gnu-tools-for-stm32.13.3.rel1.win32_1.0.0.202411081344/tools/bin/../lib/gcc/arm-none-eabi/13.3.1/../../../../arm-none-eabi/lib/thumb/v7-m/nofp\libc_nano.a(libc_a-malloc.o) (_malloc_r)
C:/ST/STM32CubeIDE_1.19.0/STM32CubeIDE/plugins/com.st.stm32cube.ide.mcu.externaltools.gnu-tools-for-stm32.13.3.rel1.win32_1.0.0.202411081344/tools/bin/../lib/gcc/arm-none-eabi/13.3.1/../../../../arm-none-eabi/lib/thumb/v7-m/nofp\libc_nano.a(libc_a-mlock.o)
                              C:/ST/STM32CubeIDE_1.19.0/STM32CubeIDE/plugins/com.st.stm32cube.ide.mcu.externaltools.gnu-tools-for-stm32.13.3.rel1.win32_1.0.0.202411081344/tools/bin/../lib/gcc/arm-none-eabi/13.3.1/../../../../arm-none-eabi/lib/thumb/v7-m/nofp\libc_nano.a(libc_a-mallocr.o) (__malloc_lock)
C:/ST/STM32CubeIDE_1.19.0/STM32CubeIDE/plugins/com.st.stm32cube.ide.mcu.externaltools.gnu-tools-for-stm32.13.3.rel1.win32_1.0.0.202411081344/tools/bin/../lib/gcc/arm-none-eabi/13.3.1/../../../../arm-none-eabi/lib/thumb/v7-m/nofp\libc_nano.a(libc_a-strtol.o)
                              C:/ST/STM32CubeIDE_1.19.0/STM32CubeIDE/plugins/com.st.stm32cube.ide.mcu.externaltools.gnu-tools-for-stm32.13.3.rel1.win32_1.0.0.202411081344/tools/bin/../lib/gcc/arm-none-eabi/13.3.1/../../../../arm-none-eabi/lib/thumb/v7-m/nofp\libc_nano.a(libc_a-atoi.o) (_strtol_r)
C:/ST/STM32CubeIDE_1.19.0/STM32CubeIDE/plugins/com.st.stm32cube.ide.mcu.externaltools.gnu-tools-for-stm32.13.3.rel1.win32_1.0.0.202411081344/tools/bin/../lib/gcc/arm-none-eabi/13.3.1/../../../../arm-none-eabi/lib/thumb/v7-m/nofp\libc_nano.a(libc_a-strtoul.o)
                              ./Core/Src/gui.o (strtoul)
C:/ST/STM32CubeIDE_1.19.0/STM32CubeIDE/plugins/com.st.stm32cube.ide.mcu.externaltools.gnu-tools-for-stm32.13.3.rel1.win32_1.0.0.202411081344/tools/bin/../lib/gcc/arm-none-eabi/13.3.1/../../../../arm-none-eabi/lib/thumb/v7-m/nofp\libc_nano.a(libc_a-ctype_.o)
                              C:/ST/STM32CubeIDE_1.19.0/STM32CubeIDE/plugins/com.st.stm32cube.ide.mcu.externaltools.gnu-tools-for-stm32.13.3.rel1.win32_1.0.0.202411081344/tools/bin/../lib/gcc/arm-none-eabi/13.3.1/../../../../arm-none-eabi/lib/thumb/v7-m/nofp\libc_nano.a(libc_a-strtol.o) (_ctype_)
C:/ST/STM32CubeIDE_1.19.0/STM32CubeIDE/plugins/com.st.stm32cube.ide.mcu.externaltools.gnu-tools-for-stm32.13.3.rel1.win32_1.0.0.202411081344/tools/bin/../lib/gcc/arm-none-eabi/13.3.1/../../../../arm-none-eabi/lib/thumb/v7-m/nofp\libc_nano.a(libc_a-findfp.o)
                              ./Middlewares/Third_Party/FreeRTOS/Source/tasks.o (__sf)
C:/ST/STM32CubeIDE_1.19.0/STM32CubeIDE/plugins/com.st.stm32cube.ide.mcu.externaltools.gnu-tools-for-stm32.13.3.rel1.win32_1.0.0.202411081344/tools/bin/../lib/gcc/arm-none-eabi/13.3.1/../../../../arm-none-eabi/lib/thumb/v7-m/nofp\libc_nano.a(libc_a-fprintf.o)
[...]
Memory Configuration

Name             Origin             Length             Attributes
RAM              0x20000000         0x00005000         xrw
FLASH            0x08000000         0x00010000         xr
*default*        0x00000000         0xffffffff

Linker script and memory map

LOAD C:/ST/STM32CubeIDE_1.19.0/STM32CubeIDE/plugins/com.st.stm32cube.ide.mcu.externaltools.gnu-tools-for-stm32.13.3.rel1.win32_1.0.0.202411081344/tools/bin/../lib/gcc/arm-none-eabi/13.3.1/thumb/v7-m/nofp/crti.o
LOAD C:/ST/STM32CubeIDE_1.19.0/STM32CubeIDE/plugins/com.st.stm32cube.ide.mcu.externaltools.gnu-tools-for-stm32.13.3.rel1.win32_1.0.0.202411081344/tools/bin/../lib/gcc/arm-none-eabi/13.3.1/thumb/v7-m/nofp/crtbegin.o
LOAD C:/ST/STM32CubeIDE_1.19.0/STM32CubeIDE/plugins/com.st.stm32cube.ide.mcu.externaltools.gnu-tools-for-stm32.13.3.rel1.win32_1.0.0.202411081344/tools/bin/../lib/gcc/arm-none-eabi/13.3.1/../../../../arm-none-eabi/lib/thumb/v7-m/nofp/crt0.o
LOAD ./Core/Src/fonts.o
LOAD ./Core/Src/freertos.o
LOAD ./Core/Src/gui.o
LOAD ./Core/Src/main.o
LOAD ./Core/Src/qrcodegen.o
LOAD ./Core/Src/sd_benchmark.o
LOAD ./Core/Src/sd_diskio_spi.o
LOAD ./Core/Src/sd_functions.o
LOAD ./Core/Src/sd_spi.o
LOAD ./Core/Src/st7789.o
LOAD ./Core/Src/st7789_adapter.o
LOAD ./Core/Src/stm32f1xx_hal_msp.o
LOAD ./Core/Src/stm32f1xx_hal_timebase_tim.o
LOAD ./Core/Src/stm32f1xx_it.o
LOAD ./Core/Src/syscalls.o
LOAD ./Core/Src/sysmem.o
LOAD ./Core/Src/system_stm32f1xx.o
LOAD ./Core/Startup/startup_stm32f103c8tx.o
LOAD ./Drivers/STM32F1xx_HAL_Driver/Src/stm32f1xx_hal.o
LOAD ./Drivers/STM32F1xx_HAL_Driver/Src/stm32f1xx_hal_adc.o
LOAD ./Drivers/STM32F1xx_HAL_Driver/Src/stm32f1xx_hal_adc_ex.o
LOAD ./Drivers/STM32F1xx_HAL_Driver/Src/stm32f1xx_hal_cortex.o
LOAD ./Drivers/STM32F1xx_HAL_Driver/Src/stm32f1xx_hal_dma.o
LOAD ./Drivers/STM32F1xx_HAL_Driver/Src/stm32f1xx_hal_exti.o
LOAD ./Drivers/STM32F1xx_HAL_Driver/Src/stm32f1xx_hal_flash.o
LOAD ./Drivers/STM32F1xx_HAL_Driver/Src/stm32f1xx_hal_flash_ex.o
LOAD ./Drivers/STM32F1xx_HAL_Driver/Src/stm32f1xx_hal_gpio.o
LOAD ./Drivers/STM32F1xx_HAL_Driver/Src/stm32f1xx_hal_gpio_ex.o
LOAD ./Drivers/STM32F1xx_HAL_Driver/Src/stm32f1xx_hal_pwr.o
LOAD ./Drivers/STM32F1xx_HAL_Driver/Src/stm32f1xx_hal_rcc.o
LOAD ./Drivers/STM32F1xx_HAL_Driver/Src/stm32f1xx_hal_rcc_ex.o
LOAD ./Drivers/STM32F1xx_HAL_Driver/Src/stm32f1xx_hal_spi.o
LOAD ./Drivers/STM32F1xx_HAL_Driver/Src/stm32f1xx_hal_tim.o
LOAD ./Drivers/STM32F1xx_HAL_Driver/Src/stm32f1xx_hal_tim_ex.o
LOAD ./Drivers/STM32F1xx_HAL_Driver/Src/stm32f1xx_hal_uart.o
LOAD ./FATFS/App/fatfs.o
LOAD ./FATFS/Target/user_diskio.o
LOAD ./Middlewares/Third_Party/FatFs/src/diskio.o
LOAD ./Middlewares/Third_Party/FatFs/src/ff.o
LOAD ./Middlewares/Third_Party/FatFs/src/ff_gen_drv.o
LOAD ./Middlewares/Third_Party/FatFs/src/option/ccsbcs.o
LOAD ./Middlewares/Third_Party/FatFs/src/option/syscall.o
LOAD ./Middlewares/Third_Party/FreeRTOS/Source/CMSIS_RTOS/cmsis_os.o
LOAD ./Middlewares/Third_Party/FreeRTOS/Source/croutine.o
LOAD ./Middlewares/Third_Party/FreeRTOS/Source/event_groups.o
LOAD ./Middlewares/Third_Party/FreeRTOS/Source/list.o
LOAD ./Middlewares/Third_Party/FreeRTOS/Source/queue.o
LOAD ./Middlewares/Third_Party/FreeRTOS/Source/stream_buffer.o
LOAD ./Middlewares/Third_Party/FreeRTOS/Source/tasks.o
LOAD ./Middlewares/Third_Party/FreeRTOS/Source/timers.o
LOAD ./Middlewares/Third_Party/FreeRTOS/Source/portable/GCC/ARM_CM3/port.o
LOAD ./Middlewares/Third_Party/FreeRTOS/Source/portable/MemMang/heap_4.o
START GROUP
LOAD C:/ST/STM32CubeIDE_1.19.0/STM32CubeIDE/plugins/com.st.stm32cube.ide.mcu.externaltools.gnu-tools-for-stm32.13.3.rel1.win32_1.0.0.202411081344/tools/bin/../lib/gcc/arm-none-eabi/13.3.1/../../../../arm-none-eabi/lib/thumb/v7-m/nofp\libc_nano.a
LOAD C:/ST/STM32CubeIDE_1.19.0/STM32CubeIDE/plugins/com.st.stm32cube.ide.mcu.externaltools.gnu-tools-for-stm32.13.3.rel1.win32_1.0.0.202411081344/tools/bin/../lib/gcc/arm-none-eabi/13.3.1/../../../../arm-none-eabi/lib/thumb/v7-m/nofp\libm.a
END GROUP
START GROUP
LOAD C:/ST/STM32CubeIDE_1.19.0/STM32CubeIDE/plugins/com.st.stm32cube.ide.mcu.externaltools.gnu-tools-for-stm32.13.3.rel1.win32_1.0.0.202411081344/tools/bin/../lib/gcc/arm-none-eabi/13.3.1/thumb/v7-m/nofp\libgcc.a
LOAD C:/ST/STM32CubeIDE_1.19.0/STM32CubeIDE/plugins/com.st.stm32cube.ide.mcu.externaltools.gnu-tools-for-stm32.13.3.rel1.win32_1.0.0.202411081344/tools/bin/../lib/gcc/arm-none-eabi/13.3.1/../../../../arm-none-eabi/lib/thumb/v7-m/nofp\libc_nano.a
END GROUP
START GROUP
LOAD C:/ST/STM32CubeIDE_1.19.0/STM32CubeIDE/plugins/com.st.stm32cube.ide.mcu.externaltools.gnu-tools-for-stm32.13.3.rel1.win32_1.0.0.202411081344/tools/bin/../lib/gcc/arm-none-eabi/13.3.1/thumb/v7-m/nofp\libgcc.a
LOAD C:/ST/STM32CubeIDE_1.19.0/STM32CubeIDE/plugins/com.st.stm32cube.ide.mcu.externaltools.gnu-tools-for-stm32.13.3.rel1.win32_1.0.0.202411081344/tools/bin/../lib/gcc/arm-none-eabi/13.3.1/../../../../arm-none-eabi/lib/thumb/v7-m/nofp\libc_nano.a
LOAD C:/ST/STM32CubeIDE_1.19.0/STM32CubeIDE/plugins/com.st.stm32cube.ide.mcu.externaltools.gnu-tools-for-stm32.13.3.rel1.win32_1.0.0.202411081344/tools/bin/../lib/gcc/arm-none-eabi/13.3.1/../../../../arm-none-eabi/lib/thumb/v7-m/nofp\libnosys.a
END GROUP
START GROUP
LOAD C:/ST/STM32CubeIDE_1.19.0/STM32CubeIDE/plugins/com.st.stm32cube.ide.mcu.externaltools.gnu-tools-for-stm32.13.3.rel1.win32_1.0.0.202411081344/tools/bin/../lib/gcc/arm-none-eabi/13.3.1/thumb/v7-m/nofp\libgcc.a
LOAD C:/ST/STM32CubeIDE_1.19.0/STM32CubeIDE/plugins/com.st.stm32cube.ide.mcu.externaltools.gnu-tools-for-stm32.13.3.rel1.win32_1.0.0.202411081344/tools/bin/../lib/gcc/arm-none-eabi/13.3.1/../../../../arm-none-eabi/lib/thumb/v7-m/nofp\libc_nano.a
LOAD C:/ST/STM32CubeIDE_1.19.0/STM32CubeIDE/plugins/com.st.stm32cube.ide.mcu.externaltools.gnu-tools-for-stm32.13.3.rel1.win32_1.0.0.202411081344/tools/bin/../lib/gcc/arm-none-eabi/13.3.1/../../../../arm-none-eabi/lib/thumb/v7-m/nofp\libnosys.a
END GROUP
LOAD C:/ST/STM32CubeIDE_1.19.0/STM32CubeIDE/plugins/com.st.stm32cube.ide.mcu.externaltools.gnu-tools-for-stm32.13.3.rel1.win32_1.0.0.202411081344/tools/bin/../lib/gcc/arm-none-eabi/13.3.1/thumb/v7-m/nofp/crtend.o
LOAD C:/ST/STM32CubeIDE_1.19.0/STM32CubeIDE/plugins/com.st.stm32cube.ide.mcu.externaltools.gnu-tools-for-stm32.13.3.rel1.win32_1.0.0.202411081344/tools/bin/../lib/gcc/arm-none-eabi/13.3.1/thumb/v7-m/nofp/crtn.o
                0x20005000                        _estack = (ORIGIN (RAM) + LENGTH (RAM))
                0x00000200                        _Min_Heap_Size = 0x200
                0x00000400                        _Min_Stack_Size = 0x400

.isr_vector     0x08000000      0x10c
                0x08000000                        . = ALIGN (0x4)
 *(.isr_vector)
 .isr_vector    0x08000000      0x10c ./Core/Startup/startup_stm32f103c8tx.o
                0x08000000                g_pfnVectors
                0x0800010c                        . = ALIGN (0x4)

.text           0x08000110     0x82dc
                0x08000110                        . = ALIGN (0x4)
 *(.text)
 .text          0x08000110       0x40 C:/ST/STM32CubeIDE_1.19.0/STM32CubeIDE/plugins/com.st.stm32cube.ide.mcu.externaltools.gnu-tools-for-stm32.13.3.rel1.win32_1.0.0.202411081344/tools/bin/../lib/gcc/arm-none-eabi/13.3.1/thumb/v7-m/nofp/crtbegin.o
 .text          0x08000150       0x10 C:/ST/STM32CubeIDE_1.19.0/STM32CubeIDE/plugins/com.st.stm32cube.ide.mcu.externaltools.gnu-tools-for-stm32.13.3.rel1.win32_1.0.0.202411081344/tools/bin/../lib/gcc/arm-none-eabi/13.3.1/../../../../arm-none-eabi/lib/thumb/v7-m/nofp\libc_nano.a(libc_a-strlen.o)
                0x08000150                strlen
 *(.text*)
 .text.vApplicationGetIdleTaskMemory
                0x08000160       0x18 ./Core/Src/freertos.o
                0x08000160                vApplicationGetIdleTaskMemory
 .text.DuckEngine_Render_Label
                0x08000178       0x30 ./Core/Src/gui.o
                0x08000178                DuckEngine_Render_Label
 .text.DuckEngine_Render_Button
                0x080001a8       0x34 ./Core/Src/gui.o
                0x080001a8                DuckEngine_Render_Button
 .text.DuckEngine_BindDriver
                0x080001dc        0xc ./Core/Src/gui.o
                0x080001dc                DuckEngine_BindDriver
 .text.DuckEngine_Init_Page
                0x080001e8       0x48 ./Core/Src/gui.o
                0x080001e8                DuckEngine_Init_Page
 .text.DuckEngine_Add2Page
                0x08000230       0x2a ./Core/Src/gui.o
                0x08000230                DuckEngine_Add2Page
 *fill*         0x0800025a        0x2 
 .text.DuckEngine_Get_CurrentPage
                0x0800025c       0x24 ./Core/Src/gui.o
                0x0800025c                DuckEngine_Get_CurrentPage
 .text.DuckEngine_Clear_Screen
                0x08000280       0x14 ./Core/Src/gui.o
                0x08000280                DuckEngine_Clear_Screen
 .text.DuckEngine_Refresh_Screen
                0x08000294       0x10 ./Core/Src/gui.o
                0x08000294                DuckEngine_Refresh_Screen
 .text.DuckEngine_Set_StartUpPage
                0x080002a4        0xe ./Core/Src/gui.o
                0x080002a4                DuckEngine_Set_StartUpPage
 .text.DuckEngine_Render
                0x080002b2       0x34 ./Core/Src/gui.o
                0x080002b2                DuckEngine_Render
 *fill*         0x080002e6        0x2 
 .text.DuckEngine_Create_Label
                0x080002e8       0x8c ./Core/Src/gui.o
                0x080002e8                DuckEngine_Create_Label
 .text.DuckEngine_Create_Button
                0x08000374      0x22c ./Core/Src/gui.o
                0x08000374                DuckEngine_Create_Button
 .text.DuckEngine_Select_Object
                0x080005a0       0x2c ./Core/Src/gui.o
                0x080005a0                DuckEngine_Select_Object
 .text.DuckEngine_Set_CurrentPage
                0x080005cc       0x80 ./Core/Src/gui.o
                0x080005cc                DuckEngine_Set_CurrentPage
 .text.DuckEngine_MoveNav_Left
                0x0800064c       0x54 ./Core/Src/gui.o
                0x0800064c                DuckEngine_MoveNav_Left
 .text.DuckEngine_MoveNav_Right
                0x080006a0       0x54 ./Core/Src/gui.o
                0x080006a0                DuckEngine_MoveNav_Right
 .text.BackToHome
                0x080006f4       0x12 ./Core/Src/main.o
                0x080006f4                BackToHome
 *fill*         0x08000706        0x2 
 .text.OpenWifiModal
                0x08000708       0x98 ./Core/Src/main.o
                0x08000708                OpenWifiModal
 .text.OpenConfigModal
                0x080007a0      0x14c ./Core/Src/main.o
                0x080007a0                OpenConfigModal
 .text.MX_GPIO_Init
                0x080008ec       0xdc ./Core/Src/main.o
 .text.MX_SPI1_Init
                0x080009c8       0x44 ./Core/Src/main.o
 .text.MX_SPI2_Init
                0x08000a0c       0x3c ./Core/Src/main.o
 .text.MX_ADC1_Init
                0x08000a48       0x44 ./Core/Src/main.o
 .text.MX_ADC2_Init
                0x08000a8c       0x44 ./Core/Src/main.o
 .text.MX_USART3_UART_Init
                0x08000ad0       0x2c ./Core/Src/main.o
 .text.draw_rectangle
                0x08000afc       0x20 ./Core/Src/main.o
                0x08000afc                draw_rectangle
 .text.my_filter_adc
                0x08000b1c       0x1c ./Core/Src/main.o
                0x08000b1c                my_filter_adc
 .text.DuckEngineHanleInput
                0x08000b38      0x1c8 ./Core/Src/main.o
                0x08000b38                DuckEngineHanleInput
 .text.InputTask
                0x08000d00        0xe ./Core/Src/main.o
                0x08000d00                InputTask
 *fill*         0x08000d0e        0x2 
 .text.DuckEngine_Draw_Header
                0x08000d10       0x24 ./Core/Src/main.o
                0x08000d10                DuckEngine_Draw_Header
 .text.DuckEngine_Draw_Footer
                0x08000d34       0x24 ./Core/Src/main.o
                0x08000d34                DuckEngine_Draw_Footer
 .text._write   0x08000d58       0x20 ./Core/Src/main.o
                0x08000d58                _write
 .text.sendUARTCommand
                0x08000d78       0x98 ./Core/Src/main.o
                0x08000d78                sendUARTCommand
 .text.getStorageInfo
                0x08000e10       0x38 ./Core/Src/main.o
                0x08000e10                getStorageInfo
 .text.getFilesInfo
                0x08000e48       0x44 ./Core/Src/main.o
                0x08000e48                getFilesInfo
 .text.getUptime
                0x08000e8c       0x38 ./Core/Src/main.o
                0x08000e8c                getUptime
 .text.getMemoryInfo
                0x08000ec4       0x38 ./Core/Src/main.o
                0x08000ec4                getMemoryInfo
 .text.getWiFiStatus
                0x08000efc       0x38 ./Core/Src/main.o
                0x08000efc                getWiFiStatus
 .text.UpdateWifiModal
                0x08000f34      0x144 ./Core/Src/main.o
                0x08000f34                UpdateWifiModal
 .text.HomePage
                0x08001078      0x180 ./Core/Src/main.o
                0x08001078                HomePage
 .text.UpdateHomePageLabels
                0x080011f8       0xd2 ./Core/Src/main.o
                0x080011f8                UpdateHomePageLabels
 *fill*         0x080012ca        0x2 
 .text.StartDefaultTask
                0x080012cc       0xd4 ./Core/Src/main.o
                0x080012cc                StartDefaultTask
 .text.SystemClock_Config
                0x080013a0       0x6c ./Core/Src/main.o
                0x080013a0                SystemClock_Config
 .text.main     0x0800140c       0xf0 ./Core/Src/main.o
                0x0800140c                main
 .text.HAL_TIM_PeriodElapsedCallback
                0x080014fc       0x12 ./Core/Src/main.o
                0x080014fc                HAL_TIM_PeriodElapsedCallback
 .text.reedSolomonMultiply
                0x0800150e       0x34 ./Core/Src/qrcodegen.o
 *fill*         0x08001542        0x2 
 .text.getAlignmentPatternPositions
                0x08001544       0x54 ./Core/Src/qrcodegen.o
 .text.getBit   0x08001598        0x8 ./Core/Src/qrcodegen.o
 .text.calcSegmentBitLength
                0x080015a0       0x9c ./Core/Src/qrcodegen.o
 .text.numCharCountBits
                0x0800163c       0x8c ./Core/Src/qrcodegen.o
 .text.getTotalBits
                0x080016c8       0xd4 ./Core/Src/qrcodegen.o
 .text.appendBitsToBuffer
                0x0800179c       0x58 ./Core/Src/qrcodegen.o
 .text.getNumRawDataModules
                0x080017f4       0x80 ./Core/Src/qrcodegen.o
 .text.getNumDataCodewords
                0x08001874       0x58 ./Core/Src/qrcodegen.o
 .text.getModuleBounded
                0x080018cc       0x4c ./Core/Src/qrcodegen.o
 .text.setModuleBounded
                0x08001918       0x68 ./Core/Src/qrcodegen.o
 .text.setModuleUnbounded
                0x08001980       0x1e ./Core/Src/qrcodegen.o
 .text.fillRectangle
                0x0800199e       0x36 ./Core/Src/qrcodegen.o
 .text.finderPenaltyCountPatterns
                0x080019d4       0x98 ./Core/Src/qrcodegen.o
 .text.reedSolomonComputeDivisor
                0x08001a6c       0x7c ./Core/Src/qrcodegen.o
 .text.initializeFunctionModules
                0x08001ae8       0xfe ./Core/Src/qrcodegen.o
 *fill*         0x08001be6        0x2 
 .text.reedSolomonComputeRemainder
                0x08001be8       0x88 ./Core/Src/qrcodegen.o
 .text.addEccAndInterleave
                0x08001c70       0xf4 ./Core/Src/qrcodegen.o
 .text.finderPenaltyAddHistory
                0x08001d64       0x1a ./Core/Src/qrcodegen.o
 .text.finderPenaltyTerminateAndCount
                0x08001d7e       0x30 ./Core/Src/qrcodegen.o
 *fill*         0x08001dae        0x2 
 .text.qrcodegen_getSize
                0x08001db0       0x3c ./Core/Src/qrcodegen.o
                0x08001db0                qrcodegen_getSize
 .text.drawCodewords
                0x08001dec       0xcc ./Core/Src/qrcodegen.o
 .text.drawLightFunctionModules
                0x08001eb8      0x1b4 ./Core/Src/qrcodegen.o
 .text.getPenaltyScore
                0x0800206c      0x234 ./Core/Src/qrcodegen.o
 .text.applyMask
                0x080022a0      0x198 ./Core/Src/qrcodegen.o
 .text.drawFormatBits
                0x08002438      0x14c ./Core/Src/qrcodegen.o
 .text.qrcodegen_encodeSegmentsAdvanced
                0x08002584      0x2cc ./Core/Src/qrcodegen.o
                0x08002584                qrcodegen_encodeSegmentsAdvanced
 .text.qrcodegen_getModule
                0x08002850       0x54 ./Core/Src/qrcodegen.o
                0x08002850                qrcodegen_getModule
 .text.qrcodegen_isNumeric
                0x080028a4       0x38 ./Core/Src/qrcodegen.o
                0x080028a4                qrcodegen_isNumeric
 .text.qrcodegen_isAlphanumeric
                0x080028dc       0x3c ./Core/Src/qrcodegen.o
                0x080028dc                qrcodegen_isAlphanumeric
 .text.qrcodegen_calcSegmentBufferSize
                0x08002918       0x38 ./Core/Src/qrcodegen.o
                0x08002918                qrcodegen_calcSegmentBufferSize
 .text.qrcodegen_makeNumeric
                0x08002950       0xf8 ./Core/Src/qrcodegen.o
                0x08002950                qrcodegen_makeNumeric
 .text.qrcodegen_makeAlphanumeric
                0x08002a48       0xfc ./Core/Src/qrcodegen.o
                0x08002a48                qrcodegen_makeAlphanumeric
 .text.qrcodegen_encodeText
                0x08002b44      0x100 ./Core/Src/qrcodegen.o
                0x08002b44                qrcodegen_encodeText
 .text.ST7789_WriteSmallData
                0x08002c44       0x4c ./Core/Src/st7789.o
 .text.ST7789_WriteCommand
                0x08002c90       0x4c ./Core/Src/st7789.o
                0x08002c90                ST7789_WriteCommand
 .text.ST7789_WriteData
                0x08002cdc       0x5c ./Core/Src/st7789.o
                0x08002cdc                ST7789_WriteData
 .text.ST7789_SetRotation
                0x08002d38       0x36 ./Core/Src/st7789.o
                0x08002d38                ST7789_SetRotation
 *fill*         0x08002d6e        0x2 
 .text.ST7789_SetAddressWindow
                0x08002d70       0x8c ./Core/Src/st7789.o
                0x08002d70                ST7789_SetAddressWindow
 .text.ST7789_Fill_Color
                0x08002dfc       0x60 ./Core/Src/st7789.o
                0x08002dfc                ST7789_Fill_Color
 .text.ST7789_Init
                0x08002e5c      0x134 ./Core/Src/st7789.o
                0x08002e5c                ST7789_Init
 .text.ST7789_DrawPixel
                0x08002f90       0x50 ./Core/Src/st7789.o
                0x08002f90                ST7789_DrawPixel
 .text.ST7789_DrawLine
                0x08002fe0       0xae ./Core/Src/st7789.o
                0x08002fe0                ST7789_DrawLine
 *fill*         0x0800308e        0x2 
 .text.ST7789_DrawRectangle
                0x08003090       0x78 ./Core/Src/st7789.o
                0x08003090                ST7789_DrawRectangle
 .text.ST7789_DrawCircle
                0x08003108      0x154 ./Core/Src/st7789.o
                0x08003108                ST7789_DrawCircle
 .text.ST7789_DrawImage
                0x0800325c       0x70 ./Core/Src/st7789.o
                0x0800325c                ST7789_DrawImage
 .text.ST7789_InvertColors
                0x080032cc       0x30 ./Core/Src/st7789.o
                0x080032cc                ST7789_InvertColors
 .text.ST7789_WriteChar
                0x080032fc       0xb8 ./Core/Src/st7789.o
                0x080032fc                ST7789_WriteChar
 .text.ST7789_WriteString
                0x080033b4       0x88 ./Core/Src/st7789.o
                0x080033b4                ST7789_WriteString
 .text.ST7789_DrawFilledRectangle
                0x0800343c       0x80 ./Core/Src/st7789.o
                0x0800343c                ST7789_DrawFilledRectangle
 .text.ST7789_DrawTriangle
                0x080034bc       0x70 ./Core/Src/st7789.o
                0x080034bc                ST7789_DrawTriangle
 .text.ST7789_DrawFilledTriangle
                0x0800352c      0x10c ./Core/Src/st7789.o
                0x0800352c                ST7789_DrawFilledTriangle
 .text.ST7789_DrawFilledCircle
                0x08003638      0x144 ./Core/Src/st7789.o
                0x08003638                ST7789_DrawFilledCircle
 .text.ST7789_DrawFilledRoundedRect
                0x0800377c       0xd4 ./Core/Src/st7789.o
                0x0800377c                ST7789_DrawFilledRoundedRect
 .text.DuckEngine_Bind_ST7789
                0x08003850       0x14 ./Core/Src/st7789_adapter.o
                0x08003850                DuckEngine_Bind_ST7789
 .text.HAL_MspInit
                0x08003864       0x54 ./Core/Src/stm32f1xx_hal_msp.o
                0x08003864                HAL_MspInit
 .text.HAL_ADC_MspInit
                0x080038b8       0xa4 ./Core/Src/stm32f1xx_hal_msp.o
                0x080038b8                HAL_ADC_MspInit
 .text.HAL_SPI_MspInit
                0x0800395c       0xc4 ./Core/Src/stm32f1xx_hal_msp.o
                0x0800395c                HAL_SPI_MspInit
 .text.HAL_UART_MspInit
                0x08003a20       0x88 ./Core/Src/stm32f1xx_hal_msp.o
                0x08003a20                HAL_UART_MspInit
 .text.HAL_InitTick
                0x08003aa8       0xa0 ./Core/Src/stm32f1xx_hal_timebase_tim.o
                0x08003aa8                HAL_InitTick
 .text.NMI_Handler
                0x08003b48        0x2 ./Core/Src/stm32f1xx_it.o
                0x08003b48                NMI_Handler
 .text.HardFault_Handler
                0x08003b4a        0x2 ./Core/Src/stm32f1xx_it.o
                0x08003b4a                HardFault_Handler
 .text.MemManage_Handler
                0x08003b4c        0x2 ./Core/Src/stm32f1xx_it.o
                0x08003b4c                MemManage_Handler
 .text.BusFault_Handler
                0x08003b4e        0x2 ./Core/Src/stm32f1xx_it.o
                0x08003b4e                BusFault_Handler
 .text.UsageFault_Handler
                0x08003b50        0x2 ./Core/Src/stm32f1xx_it.o
                0x08003b50                UsageFault_Handler
 .text.DebugMon_Handler
                0x08003b52        0x2 ./Core/Src/stm32f1xx_it.o
                0x08003b52                DebugMon_Handler
 .text.TIM2_IRQHandler
                0x08003b54       0x10 ./Core/Src/stm32f1xx_it.o
                0x08003b54                TIM2_IRQHandler
 .text.USART3_IRQHandler
                0x08003b64       0x10 ./Core/Src/stm32f1xx_it.o
                0x08003b64                USART3_IRQHandler
 .text._getpid  0x08003b74        0x4 ./Core/Src/syscalls.o
                0x08003b74                _getpid
 .text._kill    0x08003b78       0x10 ./Core/Src/syscalls.o
                0x08003b78                _kill
 .text._exit    0x08003b88        0xc ./Core/Src/syscalls.o
                0x08003b88                _exit
 .text._read    0x08003b94       0x20 ./Core/Src/syscalls.o
                0x08003b94                _read
 .text._close   0x08003bb4        0x6 ./Core/Src/syscalls.o
                0x08003bb4                _close
 .text._fstat   0x08003bba        0xa ./Core/Src/syscalls.o
                0x08003bba                _fstat
 .text._isatty  0x08003bc4        0x4 ./Core/Src/syscalls.o
                0x08003bc4                _isatty
 .text._lseek   0x08003bc8        0x4 ./Core/Src/syscalls.o
                0x08003bc8                _lseek
 .text._sbrk    0x08003bcc       0x48 ./Core/Src/sysmem.o
                0x08003bcc                _sbrk
 .text.SystemInit
                0x08003c14        0x2 ./Core/Src/system_stm32f1xx.o
                0x08003c14                SystemInit
 *fill*         0x08003c16        0x2 
 .text.Reset_Handler
                0x08003c18       0x48 ./Core/Startup/startup_stm32f103c8tx.o
                0x08003c18                Reset_Handler
 .text.Default_Handler
                0x08003c60        0x2 ./Core/Startup/startup_stm32f103c8tx.o
                0x08003c60                RTC_Alarm_IRQHandler
                0x08003c60                EXTI2_IRQHandler
                0x08003c60                TIM1_CC_IRQHandler
                0x08003c60                PVD_IRQHandler
                0x08003c60                EXTI3_IRQHandler
                0x08003c60                EXTI0_IRQHandler
                0x08003c60                I2C2_EV_IRQHandler
                0x08003c60                ADC1_2_IRQHandler
                0x08003c60                SPI1_IRQHandler
                0x08003c60                TAMPER_IRQHandler
                0x08003c60                DMA1_Channel4_IRQHandler
                0x08003c60                RTC_IRQHandler
                0x08003c60                DMA1_Channel7_IRQHandler
                0x08003c60                CAN1_RX1_IRQHandler
                0x08003c60                TIM4_IRQHandler
                0x08003c60                I2C1_EV_IRQHandler
                0x08003c60                DMA1_Channel6_IRQHandler
                0x08003c60                TIM3_IRQHandler
                0x08003c60                RCC_IRQHandler
                0x08003c60                TIM1_TRG_COM_IRQHandler
                0x08003c60                DMA1_Channel1_IRQHandler
                0x08003c60                Default_Handler
                0x08003c60                EXTI15_10_IRQHandler
                0x08003c60                EXTI9_5_IRQHandler
                0x08003c60                SPI2_IRQHandler
                0x08003c60                DMA1_Channel5_IRQHandler
                0x08003c60                EXTI4_IRQHandler
                0x08003c60                USB_LP_CAN1_RX0_IRQHandler
                0x08003c60                USB_HP_CAN1_TX_IRQHandler
                0x08003c60                DMA1_Channel3_IRQHandler
                0x08003c60                TIM1_UP_IRQHandler
                0x08003c60                WWDG_IRQHandler
                0x08003c60                TIM1_BRK_IRQHandler
                0x08003c60                EXTI1_IRQHandler
                0x08003c60                USART2_IRQHandler
                0x08003c60                I2C2_ER_IRQHandler
                0x08003c60                DMA1_Channel2_IRQHandler
                0x08003c60                CAN1_SCE_IRQHandler
                0x08003c60                FLASH_IRQHandler
                0x08003c60                USART1_IRQHandler
                0x08003c60                I2C1_ER_IRQHandler
                0x08003c60                USBWakeUp_IRQHandler
 *fill*         0x08003c62        0x2 
 .text.HAL_Init
                0x08003c64       0x24 ./Drivers/STM32F1xx_HAL_Driver/Src/stm32f1xx_hal.o
                0x08003c64                HAL_Init
 .text.HAL_IncTick
                0x08003c88       0x18 ./Drivers/STM32F1xx_HAL_Driver/Src/stm32f1xx_hal.o
                0x08003c88                HAL_IncTick
 .text.HAL_GetTick
                0x08003ca0        0xc ./Drivers/STM32F1xx_HAL_Driver/Src/stm32f1xx_hal.o
                0x08003ca0                HAL_GetTick
 .text.HAL_Delay
                0x08003cac       0x28 ./Drivers/STM32F1xx_HAL_Driver/Src/stm32f1xx_hal.o
                0x08003cac                HAL_Delay
 .text.HAL_ADC_GetValue
                0x08003cd4        0x6 ./Drivers/STM32F1xx_HAL_Driver/Src/stm32f1xx_hal_adc.o
                0x08003cd4                HAL_ADC_GetValue
 *fill*         0x08003cda        0x2 
 .text.HAL_ADC_ConfigChannel
                0x08003cdc      0x140 ./Drivers/STM32F1xx_HAL_Driver/Src/stm32f1xx_hal_adc.o
                0x08003cdc                HAL_ADC_ConfigChannel
 .text.ADC_Enable
                0x08003e1c       0x88 ./Drivers/STM32F1xx_HAL_Driver/Src/stm32f1xx_hal_adc.o
                0x08003e1c                ADC_Enable
 .text.HAL_ADC_Start
                0x08003ea4       0xe8 ./Drivers/STM32F1xx_HAL_Driver/Src/stm32f1xx_hal_adc.o
                0x08003ea4                HAL_ADC_Start
 .text.ADC_ConversionStop_Disable
                0x08003f8c       0x56 ./Drivers/STM32F1xx_HAL_Driver/Src/stm32f1xx_hal_adc.o
                0x08003f8c                ADC_ConversionStop_Disable
 *fill*         0x08003fe2        0x2 
 .text.HAL_ADC_Init
                0x08003fe4      0x108 ./Drivers/STM32F1xx_HAL_Driver/Src/stm32f1xx_hal_adc.o
                0x08003fe4                HAL_ADC_Init
 .text.__NVIC_SetPriority
                0x080040ec       0x28 ./Drivers/STM32F1xx_HAL_Driver/Src/stm32f1xx_hal_cortex.o
 .text.NVIC_EncodePriority
                0x08004114       0x3e ./Drivers/STM32F1xx_HAL_Driver/Src/stm32f1xx_hal_cortex.o
 *fill*         0x08004152        0x2 
 .text.HAL_NVIC_SetPriorityGrouping
                0x08004154       0x24 ./Drivers/STM32F1xx_HAL_Driver/Src/stm32f1xx_hal_cortex.o
                0x08004154                HAL_NVIC_SetPriorityGrouping
 .text.HAL_NVIC_SetPriority
                0x08004178       0x20 ./Drivers/STM32F1xx_HAL_Driver/Src/stm32f1xx_hal_cortex.o
                0x08004178                HAL_NVIC_SetPriority
 .text.HAL_NVIC_EnableIRQ
                0x08004198       0x1c ./Drivers/STM32F1xx_HAL_Driver/Src/stm32f1xx_hal_cortex.o
                0x08004198                HAL_NVIC_EnableIRQ
 .text.HAL_DMA_Abort
                0x080041b4       0x46 ./Drivers/STM32F1xx_HAL_Driver/Src/stm32f1xx_hal_dma.o
                0x080041b4                HAL_DMA_Abort
 *fill*         0x080041fa        0x2 
 .text.HAL_DMA_Abort_IT
                0x080041fc       0x98 ./Drivers/STM32F1xx_HAL_Driver/Src/stm32f1xx_hal_dma.o
                0x080041fc                HAL_DMA_Abort_IT
 .text.HAL_GPIO_Init
                0x08004294      0x21c ./Drivers/STM32F1xx_HAL_Driver/Src/stm32f1xx_hal_gpio.o
                0x08004294                HAL_GPIO_Init
 .text.HAL_GPIO_ReadPin
                0x080044b0        0xe ./Drivers/STM32F1xx_HAL_Driver/Src/stm32f1xx_hal_gpio.o
                0x080044b0                HAL_GPIO_ReadPin
 .text.HAL_GPIO_WritePin
                0x080044be        0xc ./Drivers/STM32F1xx_HAL_Driver/Src/stm32f1xx_hal_gpio.o
                0x080044be                HAL_GPIO_WritePin
 *fill*         0x080044ca        0x2 
 .text.RCC_Delay
                0x080044cc       0x2c ./Drivers/STM32F1xx_HAL_Driver/Src/stm32f1xx_hal_rcc.o
 .text.HAL_RCC_OscConfig
                0x080044f8      0x410 ./Drivers/STM32F1xx_HAL_Driver/Src/stm32f1xx_hal_rcc.o
                0x080044f8                HAL_RCC_OscConfig
 .text.HAL_RCC_GetSysClockFreq
                0x08004908       0x54 ./Drivers/STM32F1xx_HAL_Driver/Src/stm32f1xx_hal_rcc.o
                0x08004908                HAL_RCC_GetSysClockFreq
 .text.HAL_RCC_ClockConfig
                0x0800495c      0x16c ./Drivers/STM32F1xx_HAL_Driver/Src/stm32f1xx_hal_rcc.o
                0x0800495c                HAL_RCC_ClockConfig
 .text.HAL_RCC_GetHCLKFreq
                0x08004ac8        0xc ./Drivers/STM32F1xx_HAL_Driver/Src/stm32f1xx_hal_rcc.o
                0x08004ac8                HAL_RCC_GetHCLKFreq
 .text.HAL_RCC_GetPCLK1Freq
                0x08004ad4       0x20 ./Drivers/STM32F1xx_HAL_Driver/Src/stm32f1xx_hal_rcc.o
                0x08004ad4                HAL_RCC_GetPCLK1Freq
 .text.HAL_RCC_GetPCLK2Freq
                0x08004af4       0x20 ./Drivers/STM32F1xx_HAL_Driver/Src/stm32f1xx_hal_rcc.o
                0x08004af4                HAL_RCC_GetPCLK2Freq
 .text.HAL_RCC_GetClockConfig
                0x08004b14       0x3c ./Drivers/STM32F1xx_HAL_Driver/Src/stm32f1xx_hal_rcc.o
                0x08004b14                HAL_RCC_GetClockConfig
 .text.HAL_RCCEx_PeriphCLKConfig
                0x08004b50      0x118 ./Drivers/STM32F1xx_HAL_Driver/Src/stm32f1xx_hal_rcc_ex.o
                0x08004b50                HAL_RCCEx_PeriphCLKConfig
 .text.SPI_WaitFlagStateUntilTimeout
                0x08004c68       0xc8 ./Drivers/STM32F1xx_HAL_Driver/Src/stm32f1xx_hal_spi.o
 .text.SPI_EndRxTxTransaction
                0x08004d30       0x44 ./Drivers/STM32F1xx_HAL_Driver/Src/stm32f1xx_hal_spi.o
 .text.HAL_SPI_Init
                0x08004d74       0xb6 ./Drivers/STM32F1xx_HAL_Driver/Src/stm32f1xx_hal_spi.o
                0x08004d74                HAL_SPI_Init
 .text.HAL_SPI_Transmit
                0x08004e2a      0x1c4 ./Drivers/STM32F1xx_HAL_Driver/Src/stm32f1xx_hal_spi.o
                0x08004e2a                HAL_SPI_Transmit
 .text.HAL_TIM_Base_MspInit
                0x08004fee        0x2 ./Drivers/STM32F1xx_HAL_Driver/Src/stm32f1xx_hal_tim.o
                0x08004fee                HAL_TIM_Base_MspInit
 .text.HAL_TIM_Base_Start_IT
                0x08004ff0       0x68 ./Drivers/STM32F1xx_HAL_Driver/Src/stm32f1xx_hal_tim.o
                0x08004ff0                HAL_TIM_Base_Start_IT
 .text.HAL_TIM_OC_DelayElapsedCallback
                0x08005058        0x2 ./Drivers/STM32F1xx_HAL_Driver/Src/stm32f1xx_hal_tim.o
                0x08005058                HAL_TIM_OC_DelayElapsedCallback
 .text.HAL_TIM_IC_CaptureCallback
                0x0800505a        0x2 ./Drivers/STM32F1xx_HAL_Driver/Src/stm32f1xx_hal_tim.o
                0x0800505a                HAL_TIM_IC_CaptureCallback
 .text.HAL_TIM_PWM_PulseFinishedCallback
                0x0800505c        0x2 ./Drivers/STM32F1xx_HAL_Driver/Src/stm32f1xx_hal_tim.o
                0x0800505c                HAL_TIM_PWM_PulseFinishedCallback
 .text.HAL_TIM_TriggerCallback
                0x0800505e        0x2 ./Drivers/STM32F1xx_HAL_Driver/Src/stm32f1xx_hal_tim.o
                0x0800505e                HAL_TIM_TriggerCallback
 .text.HAL_TIM_IRQHandler
                0x08005060      0x15e ./Drivers/STM32F1xx_HAL_Driver/Src/stm32f1xx_hal_tim.o
                0x08005060                HAL_TIM_IRQHandler
 *fill*         0x080051be        0x2 
 .text.TIM_Base_SetConfig
                0x080051c0       0x84 ./Drivers/STM32F1xx_HAL_Driver/Src/stm32f1xx_hal_tim.o
                0x080051c0                TIM_Base_SetConfig
 .text.HAL_TIM_Base_Init
                0x08005244       0x58 ./Drivers/STM32F1xx_HAL_Driver/Src/stm32f1xx_hal_tim.o
                0x08005244                HAL_TIM_Base_Init
 .text.HAL_TIMEx_CommutCallback
                0x0800529c        0x2 ./Drivers/STM32F1xx_HAL_Driver/Src/stm32f1xx_hal_tim_ex.o
                0x0800529c                HAL_TIMEx_CommutCallback
 .text.HAL_TIMEx_BreakCallback
                0x0800529e        0x2 ./Drivers/STM32F1xx_HAL_Driver/Src/stm32f1xx_hal_tim_ex.o
                0x0800529e                HAL_TIMEx_BreakCallback
 .text.UART_EndRxTransfer
                0x080052a0       0x5c ./Drivers/STM32F1xx_HAL_Driver/Src/stm32f1xx_hal_uart.o
 .text.UART_Transmit_IT
                0x080052fc       0x60 ./Drivers/STM32F1xx_HAL_Driver/Src/stm32f1xx_hal_uart.o
 .text.UART_SetConfig
                0x0800535c       0x94 ./Drivers/STM32F1xx_HAL_Driver/Src/stm32f1xx_hal_uart.o
 .text.UART_WaitOnFlagUntilTimeout
                0x080053f0       0x86 ./Drivers/STM32F1xx_HAL_Driver/Src/stm32f1xx_hal_uart.o
 .text.HAL_UART_Init
                0x08005476       0x60 ./Drivers/STM32F1xx_HAL_Driver/Src/stm32f1xx_hal_uart.o
                0x08005476                HAL_UART_Init
 .text.HAL_UART_Transmit
                0x080054d6       0xcc ./Drivers/STM32F1xx_HAL_Driver/Src/stm32f1xx_hal_uart.o
                0x080054d6                HAL_UART_Transmit
 .text.HAL_UART_Receive
                0x080055a2       0xd2 ./Drivers/STM32F1xx_HAL_Driver/Src/stm32f1xx_hal_uart.o
                0x080055a2                HAL_UART_Receive
 .text.HAL_UART_TxCpltCallback
                0x08005674        0x2 ./Drivers/STM32F1xx_HAL_Driver/Src/stm32f1xx_hal_uart.o
                0x08005674                HAL_UART_TxCpltCallback
 .text.UART_EndTransmit_IT
                0x08005676       0x1a ./Drivers/STM32F1xx_HAL_Driver/Src/stm32f1xx_hal_uart.o
 .text.HAL_UART_RxCpltCallback
                0x08005690        0x2 ./Drivers/STM32F1xx_HAL_Driver/Src/stm32f1xx_hal_uart.o
                0x08005690                HAL_UART_RxCpltCallback
 .text.HAL_UART_ErrorCallback
                0x08005692        0x2 ./Drivers/STM32F1xx_HAL_Driver/Src/stm32f1xx_hal_uart.o
                0x08005692                HAL_UART_ErrorCallback
 .text.UART_DMAAbortOnError
                0x08005694       0x10 ./Drivers/STM32F1xx_HAL_Driver/Src/stm32f1xx_hal_uart.o
 .text.HAL_UARTEx_RxEventCallback
                0x080056a4        0x2 ./Drivers/STM32F1xx_HAL_Driver/Src/stm32f1xx_hal_uart.o
                0x080056a4                HAL_UARTEx_RxEventCallback
 .text.UART_Receive_IT
                0x080056a6       0xe6 ./Drivers/STM32F1xx_HAL_Driver/Src/stm32f1xx_hal_uart.o
 .text.HAL_UART_IRQHandler
                0x0800578c      0x284 ./Drivers/STM32F1xx_HAL_Driver/Src/stm32f1xx_hal_uart.o
                0x0800578c                HAL_UART_IRQHandler
 .text.makeFreeRtosPriority
                0x08005a10        0xc ./Middlewares/Third_Party/FreeRTOS/Source/CMSIS_RTOS/cmsis_os.o
 .text.osKernelStart
                0x08005a1c        0xa ./Middlewares/Third_Party/FreeRTOS/Source/CMSIS_RTOS/cmsis_os.o
                0x08005a1c                osKernelStart
 .text.osThreadCreate
                0x08005a26       0x66 ./Middlewares/Third_Party/FreeRTOS/Source/CMSIS_RTOS/cmsis_os.o
                0x08005a26                osThreadCreate
 .text.osDelay  0x08005a8c        0xe ./Middlewares/Third_Party/FreeRTOS/Source/CMSIS_RTOS/cmsis_os.o
                0x08005a8c                osDelay
 .text.osMessageCreate
                0x08005a9a       0x2a ./Middlewares/Third_Party/FreeRTOS/Source/CMSIS_RTOS/cmsis_os.o
                0x08005a9a                osMessageCreate
 .text.vListInitialise
                0x08005ac4       0x16 ./Middlewares/Third_Party/FreeRTOS/Source/list.o
                0x08005ac4                vListInitialise
 .text.vListInitialiseItem
                0x08005ada        0x6 ./Middlewares/Third_Party/FreeRTOS/Source/list.o
                0x08005ada                vListInitialiseItem
 .text.vListInsertEnd
                0x08005ae0       0x16 ./Middlewares/Third_Party/FreeRTOS/Source/list.o
                0x08005ae0                vListInsertEnd
 .text.vListInsert
                0x08005af6       0x32 ./Middlewares/Third_Party/FreeRTOS/Source/list.o
                0x08005af6                vListInsert
 .text.uxListRemove
                0x08005b28       0x26 ./Middlewares/Third_Party/FreeRTOS/Source/list.o
                0x08005b28                uxListRemove
 .text.prvIsQueueFull
                0x08005b4e       0x1e ./Middlewares/Third_Party/FreeRTOS/Source/queue.o
 .text.prvIsQueueEmpty
                0x08005b6c       0x1a ./Middlewares/Third_Party/FreeRTOS/Source/queue.o
 .text.prvCopyDataToQueue
                0x08005b86       0x76 ./Middlewares/Third_Party/FreeRTOS/Source/queue.o
 .text.prvCopyDataFromQueue
                0x08005bfc       0x24 ./Middlewares/Third_Party/FreeRTOS/Source/queue.o
 .text.prvUnlockQueue
                0x08005c20       0x6e ./Middlewares/Third_Party/FreeRTOS/Source/queue.o
 .text.xQueueGenericReset
                0x08005c8e       0x84 ./Middlewares/Third_Party/FreeRTOS/Source/queue.o
                0x08005c8e                xQueueGenericReset
 .text.prvInitialiseNewQueue
                0x08005d12       0x1c ./Middlewares/Third_Party/FreeRTOS/Source/queue.o
 .text.xQueueGenericCreateStatic
                0x08005d2e       0x94 ./Middlewares/Third_Party/FreeRTOS/Source/queue.o
                0x08005d2e                xQueueGenericCreateStatic
 .text.xQueueGenericCreate
                0x08005dc2       0x48 ./Middlewares/Third_Party/FreeRTOS/Source/queue.o
                0x08005dc2                xQueueGenericCreate
 .text.xQueueGenericSend
                0x08005e0a      0x188 ./Middlewares/Third_Party/FreeRTOS/Source/queue.o
                0x08005e0a                xQueueGenericSend
 .text.xQueueReceive
                0x08005f92      0x15e ./Middlewares/Third_Party/FreeRTOS/Source/queue.o
                0x08005f92                xQueueReceive
 .text.prvResetNextTaskUnblockTime
                0x080060f0       0x2c ./Middlewares/Third_Party/FreeRTOS/Source/tasks.o
 .text.prvInitialiseNewTask
                0x0800611c       0xbc ./Middlewares/Third_Party/FreeRTOS/Source/tasks.o
 .text.prvInitialiseTaskLists
                0x080061d8       0x68 ./Middlewares/Third_Party/FreeRTOS/Source/tasks.o
 .text.prvAddNewTaskToReadyList
                0x08006240       0xa8 ./Middlewares/Third_Party/FreeRTOS/Source/tasks.o
 .text.prvDeleteTCB
                0x080062e8       0x40 ./Middlewares/Third_Party/FreeRTOS/Source/tasks.o
 .text.prvCheckTasksWaitingTermination
                0x08006328       0x4c ./Middlewares/Third_Party/FreeRTOS/Source/tasks.o
 .text.prvIdleTask
                0x08006374       0x28 ./Middlewares/Third_Party/FreeRTOS/Source/tasks.o
 .text.prvAddCurrentTaskToDelayedList
                0x0800639c       0x98 ./Middlewares/Third_Party/FreeRTOS/Source/tasks.o
 .text.xTaskCreateStatic
                0x08006434       0x76 ./Middlewares/Third_Party/FreeRTOS/Source/tasks.o
                0x08006434                xTaskCreateStatic
 .text.xTaskCreate
                0x080064aa       0x64 ./Middlewares/Third_Party/FreeRTOS/Source/tasks.o
                0x080064aa                xTaskCreate
 *fill*         0x0800650e        0x2 
 .text.vTaskStartScheduler
                0x08006510       0x84 ./Middlewares/Third_Party/FreeRTOS/Source/tasks.o
                0x08006510                vTaskStartScheduler
 .text.vTaskSuspendAll
                0x08006594       0x10 ./Middlewares/Third_Party/FreeRTOS/Source/tasks.o
                0x08006594                vTaskSuspendAll
 .text.xTaskIncrementTick
                0x080065a4      0x118 ./Middlewares/Third_Party/FreeRTOS/Source/tasks.o
                0x080065a4                xTaskIncrementTick
 .text.xTaskResumeAll
                0x080066bc       0xf8 ./Middlewares/Third_Party/FreeRTOS/Source/tasks.o
                0x080066bc                xTaskResumeAll
 .text.vTaskDelay
                0x080067b4       0x4c ./Middlewares/Third_Party/FreeRTOS/Source/tasks.o
                0x080067b4                vTaskDelay
 .text.vTaskSwitchContext
                0x08006800       0xa4 ./Middlewares/Third_Party/FreeRTOS/Source/tasks.o
                0x08006800                vTaskSwitchContext
 .text.vTaskPlaceOnEventList
                0x080068a4       0x30 ./Middlewares/Third_Party/FreeRTOS/Source/tasks.o
                0x080068a4                vTaskPlaceOnEventList
 .text.xTaskRemoveFromEventList
                0x080068d4       0x8c ./Middlewares/Third_Party/FreeRTOS/Source/tasks.o
                0x080068d4                xTaskRemoveFromEventList
 .text.vTaskInternalSetTimeOutState
                0x08006960       0x18 ./Middlewares/Third_Party/FreeRTOS/Source/tasks.o
                0x08006960                vTaskInternalSetTimeOutState
 .text.xTaskCheckForTimeOut
                0x08006978       0x84 ./Middlewares/Third_Party/FreeRTOS/Source/tasks.o
                0x08006978                xTaskCheckForTimeOut
 .text.vTaskMissedYield
                0x080069fc        0xc ./Middlewares/Third_Party/FreeRTOS/Source/tasks.o
                0x080069fc                vTaskMissedYield
 .text.xTaskGetSchedulerState
                0x08006a08       0x20 ./Middlewares/Third_Party/FreeRTOS/Source/tasks.o
                0x08006a08                xTaskGetSchedulerState
 .text.xTaskPriorityDisinherit
                0x08006a28       0xb0 ./Middlewares/Third_Party/FreeRTOS/Source/tasks.o
                0x08006a28                xTaskPriorityDisinherit
 .text.prvTaskExitError
                0x08006ad8       0x40 ./Middlewares/Third_Party/FreeRTOS/Source/portable/GCC/ARM_CM3/port.o
 .text.prvPortStartFirstTask
                0x08006b18       0x20 ./Middlewares/Third_Party/FreeRTOS/Source/portable/GCC/ARM_CM3/port.o
 .text.pxPortInitialiseStack
                0x08006b38       0x24 ./Middlewares/Third_Party/FreeRTOS/Source/portable/GCC/ARM_CM3/port.o
                0x08006b38                pxPortInitialiseStack
 *fill*         0x08006b5c        0x4 
 .text.SVC_Handler
                0x08006b60       0x24 ./Middlewares/Third_Party/FreeRTOS/Source/portable/GCC/ARM_CM3/port.o
                0x08006b60                SVC_Handler
 .text.vPortEnterCritical
                0x08006b84       0x44 ./Middlewares/Third_Party/FreeRTOS/Source/portable/GCC/ARM_CM3/port.o
                0x08006b84                vPortEnterCritical
 .text.vPortExitCritical
                0x08006bc8       0x2c ./Middlewares/Third_Party/FreeRTOS/Source/portable/GCC/ARM_CM3/port.o
                0x08006bc8                vPortExitCritical
 *fill*         0x08006bf4        0xc 
 .text.PendSV_Handler
                0x08006c00       0x44 ./Middlewares/Third_Party/FreeRTOS/Source/portable/GCC/ARM_CM3/port.o
                0x08006c00                PendSV_Handler
 .text.SysTick_Handler
                0x08006c44       0x2c ./Middlewares/Third_Party/FreeRTOS/Source/portable/GCC/ARM_CM3/port.o
                0x08006c44                SysTick_Handler
 .text.vPortSetupTimerInterrupt
                0x08006c70       0x28 ./Middlewares/Third_Party/FreeRTOS/Source/portable/GCC/ARM_CM3/port.o
                0x08006c70                vPortSetupTimerInterrupt
 .text.xPortStartScheduler
                0x08006c98       0xc0 ./Middlewares/Third_Party/FreeRTOS/Source/portable/GCC/ARM_CM3/port.o
                0x08006c98                xPortStartScheduler
 .text.prvHeapInit
                0x08006d58       0x64 ./Middlewares/Third_Party/FreeRTOS/Source/portable/MemMang/heap_4.o
 .text.prvInsertBlockIntoFreeList
                0x08006dbc       0x60 ./Middlewares/Third_Party/FreeRTOS/Source/portable/MemMang/heap_4.o
 .text.pvPortMalloc
                0x08006e1c      0x104 ./Middlewares/Third_Party/FreeRTOS/Source/portable/MemMang/heap_4.o
                0x08006e1c                pvPortMalloc
 .text.vPortFree
                0x08006f20       0x7c ./Middlewares/Third_Party/FreeRTOS/Source/portable/MemMang/heap_4.o
                0x08006f20                vPortFree
 .text.__assert_func
                0x08006f9c       0x3c C:/ST/STM32CubeIDE_1.19.0/STM32CubeIDE/plugins/com.st.stm32cube.ide.mcu.externaltools.gnu-tools-for-stm32.13.3.rel1.win32_1.0.0.202411081344/tools/bin/../lib/gcc/arm-none-eabi/13.3.1/../../../../arm-none-eabi/lib/thumb/v7-m/nofp\libc_nano.a(libc_a-assert.o)
                0x08006f9c                __assert_func
 .text.sbrk_aligned
                0x08006fd8       0x44 C:/ST/STM32CubeIDE_1.19.0/STM32CubeIDE/plugins/com.st.stm32cube.ide.mcu.externaltools.gnu-tools-for-stm32.13.3.rel1.win32_1.0.0.202411081344/tools/bin/../lib/gcc/arm-none-eabi/13.3.1/../../../../arm-none-eabi/lib/thumb/v7-m/nofp\libc_nano.a(libc_a-mallocr.o)
 .text._malloc_r
                0x0800701c      0x100 C:/ST/STM32CubeIDE_1.19.0/STM32CubeIDE/plugins/com.st.stm32cube.ide.mcu.externaltools.gnu-tools-for-stm32.13.3.rel1.win32_1.0.0.202411081344/tools/bin/../lib/gcc/arm-none-eabi/13.3.1/../../../../arm-none-eabi/lib/thumb/v7-m/nofp\libc_nano.a(libc_a-mallocr.o)
                0x0800701c                _malloc_r
 .text.__malloc_lock
                0x0800711c        0xc C:/ST/STM32CubeIDE_1.19.0/STM32CubeIDE/plugins/com.st.stm32cube.ide.mcu.externaltools.gnu-tools-for-stm32.13.3.rel1.win32_1.0.0.202411081344/tools/bin/../lib/gcc/arm-none-eabi/13.3.1/../../../../arm-none-eabi/lib/thumb/v7-m/nofp\libc_nano.a(libc_a-mlock.o)
                0x0800711c                __malloc_lock
 .text.__malloc_unlock
                0x08007128        0xc C:/ST/STM32CubeIDE_1.19.0/STM32CubeIDE/plugins/com.st.stm32cube.ide.mcu.externaltools.gnu-tools-for-stm32.13.3.rel1.win32_1.0.0.202411081344/tools/bin/../lib/gcc/arm-none-eabi/13.3.1/../../../../arm-none-eabi/lib/thumb/v7-m/nofp\libc_nano.a(libc_a-mlock.o)
                0x08007128                __malloc_unlock
 .text.std      0x08007134       0x6c C:/ST/STM32CubeIDE_1.19.0/STM32CubeIDE/plugins/com.st.stm32cube.ide.mcu.externaltools.gnu-tools-for-stm32.13.3.rel1.win32_1.0.0.202411081344/tools/bin/../lib/gcc/arm-none-eabi/13.3.1/../../../../arm-none-eabi/lib/thumb/v7-m/nofp\libc_nano.a(libc_a-findfp.o)
 .text.stdio_exit_handler
                0x080071a0       0x18 C:/ST/STM32CubeIDE_1.19.0/STM32CubeIDE/plugins/com.st.stm32cube.ide.mcu.externaltools.gnu-tools-for-stm32.13.3.rel1.win32_1.0.0.202411081344/tools/bin/../lib/gcc/arm-none-eabi/13.3.1/../../../../arm-none-eabi/lib/thumb/v7-m/nofp\libc_nano.a(libc_a-findfp.o)
 .text.cleanup_stdio
                0x080071b8       0x40 C:/ST/STM32CubeIDE_1.19.0/STM32CubeIDE/plugins/com.st.stm32cube.ide.mcu.externaltools.gnu-tools-for-stm32.13.3.rel1.win32_1.0.0.202411081344/tools/bin/../lib/gcc/arm-none-eabi/13.3.1/../../../../arm-none-eabi/lib/thumb/v7-m/nofp\libc_nano.a(libc_a-findfp.o)
 .text.global_stdio_init.part.0
                0x080071f8       0x3c C:/ST/STM32CubeIDE_1.19.0/STM32CubeIDE/plugins/com.st.stm32cube.ide.mcu.externaltools.gnu-tools-for-stm32.13.3.rel1.win32_1.0.0.202411081344/tools/bin/../lib/gcc/arm-none-eabi/13.3.1/../../../../arm-none-eabi/lib/thumb/v7-m/nofp\libc_nano.a(libc_a-findfp.o)
 .text.__sfp_lock_acquire
                0x08007234        0xc C:/ST/STM32CubeIDE_1.19.0/STM32CubeIDE/plugins/com.st.stm32cube.ide.mcu.externaltools.gnu-tools-for-stm32.13.3.rel1.win32_1.0.0.202411081344/tools/bin/../lib/gcc/arm-none-eabi/13.3.1/../../../../arm-none-eabi/lib/thumb/v7-m/nofp\libc_nano.a(libc_a-findfp.o)
                0x08007234                __sfp_lock_acquire
 .text.__sfp_lock_release
                0x08007240        0xc C:/ST/STM32CubeIDE_1.19.0/STM32CubeIDE/plugins/com.st.stm32cube.ide.mcu.externaltools.gnu-tools-for-stm32.13.3.rel1.win32_1.0.0.202411081344/tools/bin/../lib/gcc/arm-none-eabi/13.3.1/../../../../arm-none-eabi/lib/thumb/v7-m/nofp\libc_nano.a(libc_a-findfp.o)
                0x08007240                __sfp_lock_release
 .text.__sinit  0x0800724c       0x30 C:/ST/STM32CubeIDE_1.19.0/STM32CubeIDE/plugins/com.st.stm32cube.ide.mcu.externaltools.gnu-tools-for-stm32.13.3.rel1.win32_1.0.0.202411081344/tools/bin/../lib/gcc/arm-none-eabi/13.3.1/../../../../arm-none-eabi/lib/thumb/v7-m/nofp\libc_nano.a(libc_a-findfp.o)
                0x0800724c                __sinit
 .text.fprintf  0x0800727c       0x24 C:/ST/STM32CubeIDE_1.19.0/STM32CubeIDE/plugins/com.st.stm32cube.ide.mcu.externaltools.gnu-tools-for-stm32.13.3.rel1.win32_1.0.0.202411081344/tools/bin/../lib/gcc/arm-none-eabi/13.3.1/../../../../arm-none-eabi/lib/thumb/v7-m/nofp\libc_nano.a(libc_a-fprintf.o)
                0x0800727c                fiprintf
                0x0800727c                fprintf
 .text._fwalk_sglue
                0x080072a0       0x3c C:/ST/STM32CubeIDE_1.19.0/STM32CubeIDE/plugins/com.st.stm32cube.ide.mcu.externaltools.gnu-tools-for-stm32.13.3.rel1.win32_1.0.0.202411081344/tools/bin/../lib/gcc/arm-none-eabi/13.3.1/../../../../arm-none-eabi/lib/thumb/v7-m/nofp\libc_nano.a(libc_a-fwalk.o)
                0x080072a0                _fwalk_sglue
 .text.snprintf
                0x080072dc       0x6c C:/ST/STM32CubeIDE_1.19.0/STM32CubeIDE/plugins/com.st.stm32cube.ide.mcu.externaltools.gnu-tools-for-stm32.13.3.rel1.win32_1.0.0.202411081344/tools/bin/../lib/gcc/arm-none-eabi/13.3.1/../../../../arm-none-eabi/lib/thumb/v7-m/nofp\libc_nano.a(libc_a-snprintf.o)
                0x080072dc                sniprintf
                0x080072dc                snprintf
 .text.__sread  0x08007348       0x22 C:/ST/STM32CubeIDE_1.19.0/STM32CubeIDE/plugins/com.st.stm32cube.ide.mcu.externaltools.gnu-tools-for-stm32.13.3.rel1.win32_1.0.0.202411081344/tools/bin/../lib/gcc/arm-none-eabi/13.3.1/../../../../arm-none-eabi/lib/thumb/v7-m/nofp\libc_nano.a(libc_a-stdio.o)
                0x08007348                __sread
 .text.__swrite
                0x0800736a       0x38 C:/ST/STM32CubeIDE_1.19.0/STM32CubeIDE/plugins/com.st.stm32cube.ide.mcu.externaltools.gnu-tools-for-stm32.13.3.rel1.win32_1.0.0.202411081344/tools/bin/../lib/gcc/arm-none-eabi/13.3.1/../../../../arm-none-eabi/lib/thumb/v7-m/nofp\libc_nano.a(libc_a-stdio.o)
                0x0800736a                __swrite
 .text.__sseek  0x080073a2       0x24 C:/ST/STM32CubeIDE_1.19.0/STM32CubeIDE/plugins/com.st.stm32cube.ide.mcu.externaltools.gnu-tools-for-stm32.13.3.rel1.win32_1.0.0.202411081344/tools/bin/../lib/gcc/arm-none-eabi/13.3.1/../../../../arm-none-eabi/lib/thumb/v7-m/nofp\libc_nano.a(libc_a-stdio.o)
                0x080073a2                __sseek
 .text.__sclose
                0x080073c6        0x8 C:/ST/STM32CubeIDE_1.19.0/STM32CubeIDE/plugins/com.st.stm32cube.ide.mcu.externaltools.gnu-tools-for-stm32.13.3.rel1.win32_1.0.0.202411081344/tools/bin/../lib/gcc/arm-none-eabi/13.3.1/../../../../arm-none-eabi/lib/thumb/v7-m/nofp\libc_nano.a(libc_a-stdio.o)
                0x080073c6                __sclose
 .text.__swbuf_r
                0x080073ce       0x7c C:/ST/STM32CubeIDE_1.19.0/STM32CubeIDE/plugins/com.st.stm32cube.ide.mcu.externaltools.gnu-tools-for-stm32.13.3.rel1.win32_1.0.0.202411081344/tools/bin/../lib/gcc/arm-none-eabi/13.3.1/../../../../arm-none-eabi/lib/thumb/v7-m/nofp\libc_nano.a(libc_a-wbuf.o)
                0x080073ce                __swbuf_r
 *fill*         0x0800744a        0x2 
 .text.__swsetup_r
                0x0800744c       0xac C:/ST/STM32CubeIDE_1.19.0/STM32CubeIDE/plugins/com.st.stm32cube.ide.mcu.externaltools.gnu-tools-for-stm32.13.3.rel1.win32_1.0.0.202411081344/tools/bin/../lib/gcc/arm-none-eabi/13.3.1/../../../../arm-none-eabi/lib/thumb/v7-m/nofp\libc_nano.a(libc_a-wsetup.o)
                0x0800744c                __swsetup_r
 .text.memmove  0x080074f8       0x34 C:/ST/STM32CubeIDE_1.19.0/STM32CubeIDE/plugins/com.st.stm32cube.ide.mcu.externaltools.gnu-tools-for-stm32.13.3.rel1.win32_1.0.0.202411081344/tools/bin/../lib/gcc/arm-none-eabi/13.3.1/../../../../arm-none-eabi/lib/thumb/v7-m/nofp\libc_nano.a(libc_a-memmove.o)
                0x080074f8                memmove
 .text.memset   0x0800752c       0x10 C:/ST/STM32CubeIDE_1.19.0/STM32CubeIDE/plugins/com.st.stm32cube.ide.mcu.externaltools.gnu-tools-for-stm32.13.3.rel1.win32_1.0.0.202411081344/tools/bin/../lib/gcc/arm-none-eabi/13.3.1/../../../../arm-none-eabi/lib/thumb/v7-m/nofp\libc_nano.a(libc_a-memset.o)
                0x0800752c                memset
 .text.strchr   0x0800753c       0x1a C:/ST/STM32CubeIDE_1.19.0/STM32CubeIDE/plugins/com.st.stm32cube.ide.mcu.externaltools.gnu-tools-for-stm32.13.3.rel1.win32_1.0.0.202411081344/tools/bin/../lib/gcc/arm-none-eabi/13.3.1/../../../../arm-none-eabi/lib/thumb/v7-m/nofp\libc_nano.a(libc_a-strchr.o)
                0x0800753c                strchr
 .text.strncmp  0x08007556       0x24 C:/ST/STM32CubeIDE_1.19.0/STM32CubeIDE/plugins/com.st.stm32cube.ide.mcu.externaltools.gnu-tools-for-stm32.13.3.rel1.win32_1.0.0.202411081344/tools/bin/../lib/gcc/arm-none-eabi/13.3.1/../../../../arm-none-eabi/lib/thumb/v7-m/nofp\libc_nano.a(libc_a-strncmp.o)
                0x08007556                strncmp
 .text.strncpy  0x0800757a       0x26 C:/ST/STM32CubeIDE_1.19.0/STM32CubeIDE/plugins/com.st.stm32cube.ide.mcu.externaltools.gnu-tools-for-stm32.13.3.rel1.win32_1.0.0.202411081344/tools/bin/../lib/gcc/arm-none-eabi/13.3.1/../../../../arm-none-eabi/lib/thumb/v7-m/nofp\libc_nano.a(libc_a-strncpy.o)
                0x0800757a                strncpy
 .text._close_r
                0x080075a0       0x20 C:/ST/STM32CubeIDE_1.19.0/STM32CubeIDE/plugins/com.st.stm32cube.ide.mcu.externaltools.gnu-tools-for-stm32.13.3.rel1.win32_1.0.0.202411081344/tools/bin/../lib/gcc/arm-none-eabi/13.3.1/../../../../arm-none-eabi/lib/thumb/v7-m/nofp\libc_nano.a(libc_a-closer.o)
                0x080075a0                _close_r
 .text._reclaim_reent
                0x080075c0       0xbc C:/ST/STM32CubeIDE_1.19.0/STM32CubeIDE/plugins/com.st.stm32cube.ide.mcu.externaltools.gnu-tools-for-stm32.13.3.rel1.win32_1.0.0.202411081344/tools/bin/../lib/gcc/arm-none-eabi/13.3.1/../../../../arm-none-eabi/lib/thumb/v7-m/nofp\libc_nano.a(libc_a-reent.o)
                0x080075c0                _reclaim_reent
 .text._lseek_r
                0x0800767c       0x24 C:/ST/STM32CubeIDE_1.19.0/STM32CubeIDE/plugins/com.st.stm32cube.ide.mcu.externaltools.gnu-tools-for-stm32.13.3.rel1.win32_1.0.0.202411081344/tools/bin/../lib/gcc/arm-none-eabi/13.3.1/../../../../arm-none-eabi/lib/thumb/v7-m/nofp\libc_nano.a(libc_a-lseekr.o)
                0x0800767c                _lseek_r
 .text._read_r  0x080076a0       0x24 C:/ST/STM32CubeIDE_1.19.0/STM32CubeIDE/plugins/com.st.stm32cube.ide.mcu.externaltools.gnu-tools-for-stm32.13.3.rel1.win32_1.0.0.202411081344/tools/bin/../lib/gcc/arm-none-eabi/13.3.1/../../../../arm-none-eabi/lib/thumb/v7-m/nofp\libc_nano.a(libc_a-readr.o)
                0x080076a0                _read_r
 .text._sbrk_r  0x080076c4       0x20 C:/ST/STM32CubeIDE_1.19.0/STM32CubeIDE/plugins/com.st.stm32cube.ide.mcu.externaltools.gnu-tools-for-stm32.13.3.rel1.win32_1.0.0.202411081344/tools/bin/../lib/gcc/arm-none-eabi/13.3.1/../../../../arm-none-eabi/lib/thumb/v7-m/nofp\libc_nano.a(libc_a-sbrkr.o)
                0x080076c4                _sbrk_r
 .text._write_r
                0x080076e4       0x24 C:/ST/STM32CubeIDE_1.19.0/STM32CubeIDE/plugins/com.st.stm32cube.ide.mcu.externaltools.gnu-tools-for-stm32.13.3.rel1.win32_1.0.0.202411081344/tools/bin/../lib/gcc/arm-none-eabi/13.3.1/../../../../arm-none-eabi/lib/thumb/v7-m/nofp\libc_nano.a(libc_a-writer.o)
                0x080076e4                _write_r
 .text.__errno  0x08007708        0xc C:/ST/STM32CubeIDE_1.19.0/STM32CubeIDE/plugins/com.st.stm32cube.ide.mcu.externaltools.gnu-tools-for-stm32.13.3.rel1.win32_1.0.0.202411081344/tools/bin/../lib/gcc/arm-none-eabi/13.3.1/../../../../arm-none-eabi/lib/thumb/v7-m/nofp\libc_nano.a(libc_a-errno.o)
                0x08007708                __errno
 .text.__libc_init_array
                0x08007714       0x48 C:/ST/STM32CubeIDE_1.19.0/STM32CubeIDE/plugins/com.st.stm32cube.ide.mcu.externaltools.gnu-tools-for-stm32.13.3.rel1.win32_1.0.0.202411081344/tools/bin/../lib/gcc/arm-none-eabi/13.3.1/../../../../arm-none-eabi/lib/thumb/v7-m/nofp\libc_nano.a(libc_a-init.o)
                0x08007714                __libc_init_array
 .text.__retarget_lock_init_recursive
                0x0800775c        0x2 C:/ST/STM32CubeIDE_1.19.0/STM32CubeIDE/plugins/com.st.stm32cube.ide.mcu.externaltools.gnu-tools-for-stm32.13.3.rel1.win32_1.0.0.202411081344/tools/bin/../lib/gcc/arm-none-eabi/13.3.1/../../../../arm-none-eabi/lib/thumb/v7-m/nofp\libc_nano.a(libc_a-lock.o)
                0x0800775c                __retarget_lock_init_recursive
 .text.__retarget_lock_acquire_recursive
                0x0800775e        0x2 C:/ST/STM32CubeIDE_1.19.0/STM32CubeIDE/plugins/com.st.stm32cube.ide.mcu.externaltools.gnu-tools-for-stm32.13.3.rel1.win32_1.0.0.202411081344/tools/bin/../lib/gcc/arm-none-eabi/13.3.1/../../../../arm-none-eabi/lib/thumb/v7-m/nofp\libc_nano.a(libc_a-lock.o)
                0x0800775e                __retarget_lock_acquire_recursive
 .text.__retarget_lock_release_recursive
                0x08007760        0x2 C:/ST/STM32CubeIDE_1.19.0/STM32CubeIDE/plugins/com.st.stm32cube.ide.mcu.externaltools.gnu-tools-for-stm32.13.3.rel1.win32_1.0.0.202411081344/tools/bin/../lib/gcc/arm-none-eabi/13.3.1/../../../../arm-none-eabi/lib/thumb/v7-m/nofp\libc_nano.a(libc_a-lock.o)
                0x08007760                __retarget_lock_release_recursive
 .text.memcpy   0x08007762       0x1c C:/ST/STM32CubeIDE_1.19.0/STM32CubeIDE/plugins/com.st.stm32cube.ide.mcu.externaltools.gnu-tools-for-stm32.13.3.rel1.win32_1.0.0.202411081344/tools/bin/../lib/gcc/arm-none-eabi/13.3.1/../../../../arm-none-eabi/lib/thumb/v7-m/nofp\libc_nano.a(libc_a-memcpy-stub.o)
                0x08007762                memcpy
 .text.abort    0x0800777e        0xe C:/ST/STM32CubeIDE_1.19.0/STM32CubeIDE/plugins/com.st.stm32cube.ide.mcu.externaltools.gnu-tools-for-stm32.13.3.rel1.win32_1.0.0.202411081344/tools/bin/../lib/gcc/arm-none-eabi/13.3.1/../../../../arm-none-eabi/lib/thumb/v7-m/nofp\libc_nano.a(libc_a-abort.o)
                0x0800777e                abort
 .text._free_r  0x0800778c       0x90 C:/ST/STM32CubeIDE_1.19.0/STM32CubeIDE/plugins/com.st.stm32cube.ide.mcu.externaltools.gnu-tools-for-stm32.13.3.rel1.win32_1.0.0.202411081344/tools/bin/../lib/gcc/arm-none-eabi/13.3.1/../../../../arm-none-eabi/lib/thumb/v7-m/nofp\libc_nano.a(libc_a-freer.o)
                0x0800778c                _free_r
 .text.__ssputs_r
                0x0800781c       0xb6 C:/ST/STM32CubeIDE_1.19.0/STM32CubeIDE/plugins/com.st.stm32cube.ide.mcu.externaltools.gnu-tools-for-stm32.13.3.rel1.win32_1.0.0.202411081344/tools/bin/../lib/gcc/arm-none-eabi/13.3.1/../../../../arm-none-eabi/lib/thumb/v7-m/nofp\libc_nano.a(libc_a-nano-svfprintf.o)
                0x0800781c                __ssputs_r
 *fill*         0x080078d2        0x2 
 .text._svfprintf_r
                0x080078d4      0x1f8 C:/ST/STM32CubeIDE_1.19.0/STM32CubeIDE/plugins/com.st.stm32cube.ide.mcu.externaltools.gnu-tools-for-stm32.13.3.rel1.win32_1.0.0.202411081344/tools/bin/../lib/gcc/arm-none-eabi/13.3.1/../../../../arm-none-eabi/lib/thumb/v7-m/nofp\libc_nano.a(libc_a-nano-svfprintf.o)
                0x080078d4                _svfiprintf_r
                0x080078d4                _svfprintf_r
 .text.__sfputc_r
                0x08007acc       0x2a C:/ST/STM32CubeIDE_1.19.0/STM32CubeIDE/plugins/com.st.stm32cube.ide.mcu.externaltools.gnu-tools-for-stm32.13.3.rel1.win32_1.0.0.202411081344/tools/bin/../lib/gcc/arm-none-eabi/13.3.1/../../../../arm-none-eabi/lib/thumb/v7-m/nofp\libc_nano.a(libc_a-nano-vfprintf.o)
 .text.__sfputs_r
                0x08007af6       0x24 C:/ST/STM32CubeIDE_1.19.0/STM32CubeIDE/plugins/com.st.stm32cube.ide.mcu.externaltools.gnu-tools-for-stm32.13.3.rel1.win32_1.0.0.202411081344/tools/bin/../lib/gcc/arm-none-eabi/13.3.1/../../../../arm-none-eabi/lib/thumb/v7-m/nofp\libc_nano.a(libc_a-nano-vfprintf.o)
                0x08007af6                __sfputs_r
 *fill*         0x08007b1a        0x2 
 .text._vfprintf_r
                0x08007b1c      0x230 C:/ST/STM32CubeIDE_1.19.0/STM32CubeIDE/plugins/com.st.stm32cube.ide.mcu.externaltools.gnu-tools-for-stm32.13.3.rel1.win32_1.0.0.202411081344/tools/bin/../lib/gcc/arm-none-eabi/13.3.1/../../../../arm-none-eabi/lib/thumb/v7-m/nofp\libc_nano.a(libc_a-nano-vfprintf.o)
                0x08007b1c                _vfprintf_r
                0x08007b1c                _vfiprintf_r
 .text._printf_common
                0x08007d4c       0xe4 C:/ST/STM32CubeIDE_1.19.0/STM32CubeIDE/plugins/com.st.stm32cube.ide.mcu.externaltools.gnu-tools-for-stm32.13.3.rel1.win32_1.0.0.202411081344/tools/bin/../lib/gcc/arm-none-eabi/13.3.1/../../../../arm-none-eabi/lib/thumb/v7-m/nofp\libc_nano.a(libc_a-nano-vfprintf_i.o)
                0x08007d4c                _printf_common
 .text._printf_i
                0x08007e30      0x23c C:/ST/STM32CubeIDE_1.19.0/STM32CubeIDE/plugins/com.st.stm32cube.ide.mcu.externaltools.gnu-tools-for-stm32.13.3.rel1.win32_1.0.0.202411081344/tools/bin/../lib/gcc/arm-none-eabi/13.3.1/../../../../arm-none-eabi/lib/thumb/v7-m/nofp\libc_nano.a(libc_a-nano-vfprintf_i.o)
                0x08007e30                _printf_i
 .text.__sflush_r
                0x0800806c      0x100 C:/ST/STM32CubeIDE_1.19.0/STM32CubeIDE/plugins/com.st.stm32cube.ide.mcu.externaltools.gnu-tools-for-stm32.13.3.rel1.win32_1.0.0.202411081344/tools/bin/../lib/gcc/arm-none-eabi/13.3.1/../../../../arm-none-eabi/lib/thumb/v7-m/nofp\libc_nano.a(libc_a-fflush.o)
                0x0800806c                __sflush_r
 .text._fflush_r
                0x0800816c       0x50 C:/ST/STM32CubeIDE_1.19.0/STM32CubeIDE/plugins/com.st.stm32cube.ide.mcu.externaltools.gnu-tools-for-stm32.13.3.rel1.win32_1.0.0.202411081344/tools/bin/../lib/gcc/arm-none-eabi/13.3.1/../../../../arm-none-eabi/lib/thumb/v7-m/nofp\libc_nano.a(libc_a-fflush.o)
                0x0800816c                _fflush_r
 .text.__swhatbuf_r
                0x080081bc       0x4a C:/ST/STM32CubeIDE_1.19.0/STM32CubeIDE/plugins/com.st.stm32cube.ide.mcu.externaltools.gnu-tools-for-stm32.13.3.rel1.win32_1.0.0.202411081344/tools/bin/../lib/gcc/arm-none-eabi/13.3.1/../../../../arm-none-eabi/lib/thumb/v7-m/nofp\libc_nano.a(libc_a-makebuf.o)
                0x080081bc                __swhatbuf_r
 .text.__smakebuf_r
                0x08008206       0x78 C:/ST/STM32CubeIDE_1.19.0/STM32CubeIDE/plugins/com.st.stm32cube.ide.mcu.externaltools.gnu-tools-for-stm32.13.3.rel1.win32_1.0.0.202411081344/tools/bin/../lib/gcc/arm-none-eabi/13.3.1/../../../../arm-none-eabi/lib/thumb/v7-m/nofp\libc_nano.a(libc_a-makebuf.o)
                0x08008206                __smakebuf_r
 .text._raise_r
                0x0800827e       0x50 C:/ST/STM32CubeIDE_1.19.0/STM32CubeIDE/plugins/com.st.stm32cube.ide.mcu.externaltools.gnu-tools-for-stm32.13.3.rel1.win32_1.0.0.202411081344/tools/bin/../lib/gcc/arm-none-eabi/13.3.1/../../../../arm-none-eabi/lib/thumb/v7-m/nofp\libc_nano.a(libc_a-signal.o)
                0x0800827e                _raise_r
 *fill*         0x080082ce        0x2 
 .text.raise    0x080082d0       0x10 C:/ST/STM32CubeIDE_1.19.0/STM32CubeIDE/plugins/com.st.stm32cube.ide.mcu.externaltools.gnu-tools-for-stm32.13.3.rel1.win32_1.0.0.202411081344/tools/bin/../lib/gcc/arm-none-eabi/13.3.1/../../../../arm-none-eabi/lib/thumb/v7-m/nofp\libc_nano.a(libc_a-signal.o)
                0x080082d0                raise
 .text._fstat_r
                0x080082e0       0x24 C:/ST/STM32CubeIDE_1.19.0/STM32CubeIDE/plugins/com.st.stm32cube.ide.mcu.externaltools.gnu-tools-for-stm32.13.3.rel1.win32_1.0.0.202411081344/tools/bin/../lib/gcc/arm-none-eabi/13.3.1/../../../../arm-none-eabi/lib/thumb/v7-m/nofp\libc_nano.a(libc_a-fstatr.o)
                0x080082e0                _fstat_r
 .text._isatty_r
                0x08008304       0x20 C:/ST/STM32CubeIDE_1.19.0/STM32CubeIDE/plugins/com.st.stm32cube.ide.mcu.externaltools.gnu-tools-for-stm32.13.3.rel1.win32_1.0.0.202411081344/tools/bin/../lib/gcc/arm-none-eabi/13.3.1/../../../../arm-none-eabi/lib/thumb/v7-m/nofp\libc_nano.a(libc_a-isattyr.o)
                0x08008304                _isatty_r
 .text._kill_r  0x08008324       0x24 C:/ST/STM32CubeIDE_1.19.0/STM32CubeIDE/plugins/com.st.stm32cube.ide.mcu.externaltools.gnu-tools-for-stm32.13.3.rel1.win32_1.0.0.202411081344/tools/bin/../lib/gcc/arm-none-eabi/13.3.1/../../../../arm-none-eabi/lib/thumb/v7-m/nofp\libc_nano.a(libc_a-signalr.o)
                0x08008324                _kill_r
 .text._getpid_r
                0x08008348        0x4 C:/ST/STM32CubeIDE_1.19.0/STM32CubeIDE/plugins/com.st.stm32cube.ide.mcu.externaltools.gnu-tools-for-stm32.13.3.rel1.win32_1.0.0.202411081344/tools/bin/../lib/gcc/arm-none-eabi/13.3.1/../../../../arm-none-eabi/lib/thumb/v7-m/nofp\libc_nano.a(libc_a-signalr.o)
                0x08008348                _getpid_r
 .text.memchr   0x0800834c       0x1c C:/ST/STM32CubeIDE_1.19.0/STM32CubeIDE/plugins/com.st.stm32cube.ide.mcu.externaltools.gnu-tools-for-stm32.13.3.rel1.win32_1.0.0.202411081344/tools/bin/../lib/gcc/arm-none-eabi/13.3.1/../../../../arm-none-eabi/lib/thumb/v7-m/nofp\libc_nano.a(libc_a-memchr-stub.o)
                0x0800834c                memchr
 .text._realloc_r
                0x08008368       0x5c C:/ST/STM32CubeIDE_1.19.0/STM32CubeIDE/plugins/com.st.stm32cube.ide.mcu.externaltools.gnu-tools-for-stm32.13.3.rel1.win32_1.0.0.202411081344/tools/bin/../lib/gcc/arm-none-eabi/13.3.1/../../../../arm-none-eabi/lib/thumb/v7-m/nofp\libc_nano.a(libc_a-reallocr.o)
                0x08008368                _realloc_r
 .text._malloc_usable_size_r
                0x080083c4       0x10 C:/ST/STM32CubeIDE_1.19.0/STM32CubeIDE/plugins/com.st.stm32cube.ide.mcu.externaltools.gnu-tools-for-stm32.13.3.rel1.win32_1.0.0.202411081344/tools/bin/../lib/gcc/arm-none-eabi/13.3.1/../../../../arm-none-eabi/lib/thumb/v7-m/nofp\libc_nano.a(libc_a-msizer.o)
                0x080083c4                _malloc_usable_size_r
 *(.glue_7)
 .glue_7        0x080083d4        0x0 linker stubs
 *(.glue_7t)
 .glue_7t       0x080083d4        0x0 linker stubs
 *(.eh_frame)
 .eh_frame      0x080083d4        0x0 C:/ST/STM32CubeIDE_1.19.0/STM32CubeIDE/plugins/com.st.stm32cube.ide.mcu.externaltools.gnu-tools-for-stm32.13.3.rel1.win32_1.0.0.202411081344/tools/bin/../lib/gcc/arm-none-eabi/13.3.1/thumb/v7-m/nofp/crtbegin.o
 *(.init)
 .init          0x080083d4        0x4 C:/ST/STM32CubeIDE_1.19.0/STM32CubeIDE/plugins/com.st.stm32cube.ide.mcu.externaltools.gnu-tools-for-stm32.13.3.rel1.win32_1.0.0.202411081344/tools/bin/../lib/gcc/arm-none-eabi/13.3.1/thumb/v7-m/nofp/crti.o
                0x080083d4                _init
 .init          0x080083d8        0x8 C:/ST/STM32CubeIDE_1.19.0/STM32CubeIDE/plugins/com.st.stm32cube.ide.mcu.externaltools.gnu-tools-for-stm32.13.3.rel1.win32_1.0.0.202411081344/tools/bin/../lib/gcc/arm-none-eabi/13.3.1/thumb/v7-m/nofp/crtn.o
 *(.fini)
 .fini          0x080083e0        0x4 C:/ST/STM32CubeIDE_1.19.0/STM32CubeIDE/plugins/com.st.stm32cube.ide.mcu.externaltools.gnu-tools-for-stm32.13.3.rel1.win32_1.0.0.202411081344/tools/bin/../lib/gcc/arm-none-eabi/13.3.1/thumb/v7-m/nofp/crti.o
                0x080083e0                _fini
 .fini          0x080083e4        0x8 C:/ST/STM32CubeIDE_1.19.0/STM32CubeIDE/plugins/com.st.stm32cube.ide.mcu.externaltools.gnu-tools-for-stm32.13.3.rel1.win32_1.0.0.202411081344/tools/bin/../lib/gcc/arm-none-eabi/13.3.1/thumb/v7-m/nofp/crtn.o
                0x080083ec                        . = ALIGN (0x4)
                0x080083ec                        _etext = .

.vfp11_veneer   0x080083ec        0x0
 .vfp11_veneer  0x080083ec        0x0 linker stubs

.v4_bx          0x080083ec        0x0
 .v4_bx         0x080083ec        0x0 linker stubs

.iplt           0x080083ec        0x0
 .iplt          0x080083ec        0x0 C:/ST/STM32CubeIDE_1.19.0/STM32CubeIDE/plugins/com.st.stm32cube.ide.mcu.externaltools.gnu-tools-for-stm32.13.3.rel1.win32_1.0.0.202411081344/tools/bin/../lib/gcc/arm-none-eabi/13.3.1/thumb/v7-m/nofp/crtbegin.o

.rodata         0x080083ec     0x2178
                0x080083ec                        . = ALIGN (0x4)
 *(.rodata)
 .rodata        0x080083ec       0x48 ./Core/Src/main.o
 .rodata        0x08008434        0x5 ./Core/Src/st7789.o
 *(.rodata*)
 *fill*         0x08008439        0x3 
 .rodata.Font11x18
                0x0800843c      0xd5c ./Core/Src/fonts.o
 .rodata.Font7x10
                0x08009198      0x76c ./Core/Src/fonts.o
 .rodata.OpenWifiModal.str1.4
                0x08009904      0x805 ./Core/Src/main.o
                                 0x1d (size before relaxing)
 .rodata.OpenConfigModal.str1.4
                0x0800a109       0xe3 ./Core/Src/main.o
 .rodata.sendUARTCommand.str1.4
                0x0800a109        0x2 ./Core/Src/main.o
 .rodata.getStorageInfo.str1.4
                0x0800a109       0x27 ./Core/Src/main.o
 .rodata.getFilesInfo.str1.4
                0x0800a109       0x1d ./Core/Src/main.o
 .rodata.getUptime.str1.4
                0x0800a109       0x1e ./Core/Src/main.o
 .rodata.getMemoryInfo.str1.4
                0x0800a109       0x1e ./Core/Src/main.o
 .rodata.getWiFiStatus.str1.4
                0x0800a109       0x1c ./Core/Src/main.o
 .rodata.UpdateWifiModal.str1.4
                0x0800a109       0x35 ./Core/Src/main.o
 .rodata.HomePage.str1.4
                0x0800a109       0x41 ./Core/Src/main.o
 .rodata.str1.4
                0x0800a109       0x1c ./Core/Src/main.o
 .rodata.calcSegmentBitLength.str1.4
                0x0800a109       0x2c ./Core/Src/qrcodegen.o
 .rodata.numCharCountBits.str1.4
                0x0800a109       0x45 ./Core/Src/qrcodegen.o
 .rodata.getTotalBits.str1.4
                0x0800a109       0xaf ./Core/Src/qrcodegen.o
 .rodata.appendBitsToBuffer.str1.4
                0x0800a109       0x44 ./Core/Src/qrcodegen.o
 .rodata.getNumRawDataModules.str1.4
                0x0800a109       0x61 ./Core/Src/qrcodegen.o
 .rodata.getNumDataCodewords.str1.4
                0x0800a109       0x10 ./Core/Src/qrcodegen.o
 .rodata.getModuleBounded.str1.4
                0x0800a109       0x4e ./Core/Src/qrcodegen.o
 .rodata.finderPenaltyCountPatterns.str1.4
                0x0800a109       0x10 ./Core/Src/qrcodegen.o
 .rodata.reedSolomonComputeDivisor.str1.4
                0x0800a109       0x3b ./Core/Src/qrcodegen.o
 .rodata.addEccAndInterleave.str1.4
                0x0800a109       0x66 ./Core/Src/qrcodegen.o
 .rodata.qrcodegen_getSize.str1.4
                0x0800a109       0x69 ./Core/Src/qrcodegen.o
 .rodata.drawCodewords.str1.4
                0x0800a109       0x11 ./Core/Src/qrcodegen.o
 .rodata.drawLightFunctionModules.str1.4
                0x0800a109       0x10 ./Core/Src/qrcodegen.o
 .rodata.getPenaltyScore.str1.4
                0x0800a109       0x36 ./Core/Src/qrcodegen.o
 .rodata.applyMask.str1.4
                0x0800a109       0x21 ./Core/Src/qrcodegen.o
 .rodata.drawFormatBits.str1.4
                0x0800a109       0x10 ./Core/Src/qrcodegen.o
 .rodata.qrcodegen_encodeSegmentsAdvanced.str1.4
                0x0800a109       0xf0 ./Core/Src/qrcodegen.o
 .rodata.qrcodegen_isNumeric.str1.4
                0x0800a109        0xd ./Core/Src/qrcodegen.o
 .rodata.qrcodegen_isAlphanumeric.str1.4
                0x0800a109       0x2e ./Core/Src/qrcodegen.o
 .rodata.qrcodegen_calcSegmentBufferSize.str1.4
                0x0800a109       0x1f ./Core/Src/qrcodegen.o
 .rodata.qrcodegen_makeNumeric.str1.4
                0x0800a109       0x5f ./Core/Src/qrcodegen.o
 .rodata.qrcodegen_makeAlphanumeric.str1.4
                0x0800a109        0xd ./Core/Src/qrcodegen.o
 *fill*         0x0800a109        0x3 
 .rodata.__func__.1
                0x0800a10c       0x1b ./Core/Src/qrcodegen.o
 *fill*         0x0800a127        0x1 
 .rodata.__func__.2
                0x0800a128       0x16 ./Core/Src/qrcodegen.o
 *fill*         0x0800a13e        0x2 
 .rodata.__func__.4
                0x0800a140       0x20 ./Core/Src/qrcodegen.o
 .rodata.__func__.5
                0x0800a160       0x19 ./Core/Src/qrcodegen.o
 *fill*         0x0800a179        0x3 
 .rodata.__func__.6
                0x0800a17c       0x14 ./Core/Src/qrcodegen.o
 .rodata.__func__.7
                0x0800a190       0x14 ./Core/Src/qrcodegen.o
 .rodata.__func__.8
                0x0800a1a4       0x12 ./Core/Src/qrcodegen.o
 *fill*         0x0800a1b6        0x2 
 .rodata.table.9
                0x0800a1b8       0x10 ./Core/Src/qrcodegen.o
 .rodata.__func__.10
                0x0800a1c8        0xf ./Core/Src/qrcodegen.o
 *fill*         0x0800a1d7        0x1 
 .rodata.__func__.11
                0x0800a1d8        0xa ./Core/Src/qrcodegen.o
 *fill*         0x0800a1e2        0x2 
 .rodata.__func__.12
                0x0800a1e4       0x1b ./Core/Src/qrcodegen.o
 *fill*         0x0800a1ff        0x1 
 .rodata.__func__.13
                0x0800a200       0x10 ./Core/Src/qrcodegen.o
 .rodata.__func__.14
                0x0800a210       0x19 ./Core/Src/qrcodegen.o
 *fill*         0x0800a229        0x3 
 .rodata.__func__.15
                0x0800a22c       0x11 ./Core/Src/qrcodegen.o
 *fill*         0x0800a23d        0x3 
 .rodata.__func__.16
                0x0800a240       0x11 ./Core/Src/qrcodegen.o
 *fill*         0x0800a251        0x3 
 .rodata.__func__.17
                0x0800a254        0xe ./Core/Src/qrcodegen.o
 *fill*         0x0800a262        0x2 
 .rodata.__func__.18
                0x0800a264       0x15 ./Core/Src/qrcodegen.o
 *fill*         0x0800a279        0x3 
 .rodata.__func__.19
                0x0800a27c       0x1c ./Core/Src/qrcodegen.o
 .rodata.__func__.20
                0x0800a298       0x1a ./Core/Src/qrcodegen.o
 *fill*         0x0800a2b2        0x2 
 .rodata.__func__.21
                0x0800a2b4       0x14 ./Core/Src/qrcodegen.o
 .rodata.__func__.22
                0x0800a2c8       0x13 ./Core/Src/qrcodegen.o
 *fill*         0x0800a2db        0x1 
 .rodata.__func__.23
                0x0800a2dc       0x14 ./Core/Src/qrcodegen.o
 .rodata.temp.24
                0x0800a2f0        0xc ./Core/Src/qrcodegen.o
 .rodata.temp.25
                0x0800a2fc        0xc ./Core/Src/qrcodegen.o
 .rodata.temp.26
                0x0800a308        0xc ./Core/Src/qrcodegen.o
 .rodata.temp.27
                0x0800a314        0xc ./Core/Src/qrcodegen.o
 .rodata.__func__.28
                0x0800a320       0x11 ./Core/Src/qrcodegen.o
 *fill*         0x0800a331        0x3 
 .rodata.__func__.29
                0x0800a334        0xd ./Core/Src/qrcodegen.o
 *fill*         0x0800a341        0x3 
 .rodata.__func__.30
                0x0800a344       0x21 ./Core/Src/qrcodegen.o
 *fill*         0x0800a365        0x3 
 .rodata.__func__.31
                0x0800a368       0x15 ./Core/Src/qrcodegen.o
 *fill*         0x0800a37d        0x3 
 .rodata.NUM_ERROR_CORRECTION_BLOCKS
                0x0800a380       0xa4 ./Core/Src/qrcodegen.o
 .rodata.ECC_CODEWORDS_PER_BLOCK
                0x0800a424       0xa4 ./Core/Src/qrcodegen.o
 .rodata.ST7789_Init.str1.4
                0x0800a4c8       0x1f ./Core/Src/st7789.o
 .rodata.APBPrescTable
                0x0800a4c8        0x8 ./Core/Src/system_stm32f1xx.o
                0x0800a4c8                APBPrescTable
 .rodata.AHBPrescTable
                0x0800a4d0       0x10 ./Core/Src/system_stm32f1xx.o
                0x0800a4d0                AHBPrescTable
 .rodata.aPredivFactorTable.0
                0x0800a4e0        0x2 ./Drivers/STM32F1xx_HAL_Driver/Src/stm32f1xx_hal_rcc.o
 *fill*         0x0800a4e2        0x2 
 .rodata.aPLLMULFactorTable.1
                0x0800a4e4       0x10 ./Drivers/STM32F1xx_HAL_Driver/Src/stm32f1xx_hal_rcc.o
 .rodata.vTaskStartScheduler.str1.4
                0x0800a4f4        0x5 ./Middlewares/Third_Party/FreeRTOS/Source/tasks.o
 .rodata.__assert_func.str1.1
                0x0800a4f4       0x6f C:/ST/STM32CubeIDE_1.19.0/STM32CubeIDE/plugins/com.st.stm32cube.ide.mcu.externaltools.gnu-tools-for-stm32.13.3.rel1.win32_1.0.0.202411081344/tools/bin/../lib/gcc/arm-none-eabi/13.3.1/../../../../arm-none-eabi/lib/thumb/v7-m/nofp\libc_nano.a(libc_a-assert.o)
                                 0x3d (size before relaxing)
 .rodata._svfprintf_r.str1.1
                0x0800a563       0x11 C:/ST/STM32CubeIDE_1.19.0/STM32CubeIDE/plugins/com.st.stm32cube.ide.mcu.externaltools.gnu-tools-for-stm32.13.3.rel1.win32_1.0.0.202411081344/tools/bin/../lib/gcc/arm-none-eabi/13.3.1/../../../../arm-none-eabi/lib/thumb/v7-m/nofp\libc_nano.a(libc_a-nano-svfprintf.o)
 .rodata._vfprintf_r.str1.1
                0x0800a563       0x11 C:/ST/STM32CubeIDE_1.19.0/STM32CubeIDE/plugins/com.st.stm32cube.ide.mcu.externaltools.gnu-tools-for-stm32.13.3.rel1.win32_1.0.0.202411081344/tools/bin/../lib/gcc/arm-none-eabi/13.3.1/../../../../arm-none-eabi/lib/thumb/v7-m/nofp\libc_nano.a(libc_a-nano-vfprintf.o)
 .rodata._printf_i.str1.1
                0x0800a563       0x22 C:/ST/STM32CubeIDE_1.19.0/STM32CubeIDE/plugins/com.st.stm32cube.ide.mcu.externaltools.gnu-tools-for-stm32.13.3.rel1.win32_1.0.0.202411081344/tools/bin/../lib/gcc/arm-none-eabi/13.3.1/../../../../arm-none-eabi/lib/thumb/v7-m/nofp\libc_nano.a(libc_a-nano-vfprintf_i.o)
                0x0800a588                        . = ALIGN (0x4)
 *fill*         0x0800a563        0x1 

.ARM.extab      0x0800a564        0x0
                0x0800a564                        . = ALIGN (0x4)
 *(.ARM.extab* .gnu.linkonce.armextab.*)
                0x0800a564                        . = ALIGN (0x4)

.ARM            0x0800a564        0x8
                0x0800a564                        . = ALIGN (0x4)
                0x0800a564                        __exidx_start = .
 *(.ARM.exidx*)
 .ARM.exidx     0x0800a564        0x8 C:/ST/STM32CubeIDE_1.19.0/STM32CubeIDE/plugins/com.st.stm32cube.ide.mcu.externaltools.gnu-tools-for-stm32.13.3.rel1.win32_1.0.0.202411081344/tools/bin/../lib/gcc/arm-none-eabi/13.3.1/../../../../arm-none-eabi/lib/thumb/v7-m/nofp\libc_nano.a(libc_a-strlen.o)
                0x0800a56c                        __exidx_end = .
                0x0800a56c                        . = ALIGN (0x4)

.preinit_array  0x0800a56c        0x0
                0x0800a56c                        . = ALIGN (0x4)
                0x0800a56c                        PROVIDE (__preinit_array_start = .)
 *(.preinit_array*)
                0x0800a56c                        PROVIDE (__preinit_array_end = .)
                0x0800a56c                        . = ALIGN (0x4)

.init_array     0x0800a56c        0x4
                0x0800a56c                        . = ALIGN (0x4)
                0x0800a56c                        PROVIDE (__init_array_start = .)
 *(SORT_BY_NAME(.init_array.*))
 *(.init_array*)
 .init_array    0x0800a56c        0x4 C:/ST/STM32CubeIDE_1.19.0/STM32CubeIDE/plugins/com.st.stm32cube.ide.mcu.externaltools.gnu-tools-for-stm32.13.3.rel1.win32_1.0.0.202411081344/tools/bin/../lib/gcc/arm-none-eabi/13.3.1/thumb/v7-m/nofp/crtbegin.o
                0x0800a570                        PROVIDE (__init_array_end = .)
                0x0800a570                        . = ALIGN (0x4)

.fini_array     0x0800a570        0x4
                0x0800a570                        . = ALIGN (0x4)
                [!provide]                        PROVIDE (__fini_array_start = .)
 *(SORT_BY_NAME(.fini_array.*))
 *(.fini_array*)
 .fini_array    0x0800a570        0x4 C:/ST/STM32CubeIDE_1.19.0/STM32CubeIDE/plugins/com.st.stm32cube.ide.mcu.externaltools.gnu-tools-for-stm32.13.3.rel1.win32_1.0.0.202411081344/tools/bin/../lib/gcc/arm-none-eabi/13.3.1/thumb/v7-m/nofp/crtbegin.o
                [!provide]                        PROVIDE (__fini_array_end = .)
                0x0800a574                        . = ALIGN (0x4)
                0x0800a574                        _sidata = LOADADDR (.data)

.rel.dyn        0x0800a574        0x0
 .rel.iplt      0x0800a574        0x0 C:/ST/STM32CubeIDE_1.19.0/STM32CubeIDE/plugins/com.st.stm32cube.ide.mcu.externaltools.gnu-tools-for-stm32.13.3.rel1.win32_1.0.0.202411081344/tools/bin/../lib/gcc/arm-none-eabi/13.3.1/thumb/v7-m/nofp/crtbegin.o

.data           0x20000000       0xb4 load address 0x0800a574
                0x20000000                        . = ALIGN (0x4)
                0x20000000                        _sdata = .
 *(.data)
 *(.data*)
 .data.Font_11x18
                0x20000000        0x8 ./Core/Src/fonts.o
                0x20000000                Font_11x18
 .data.Font_7x10
                0x20000008        0x8 ./Core/Src/fonts.o
                0x20000008                Font_7x10
 .data.duckDriver
                0x20000010       0x38 ./Core/Src/st7789_adapter.o
                0x20000010                duckDriver
 .data.SystemCoreClock
                0x20000048        0x4 ./Core/Src/system_stm32f1xx.o
                0x20000048                SystemCoreClock
 .data.uwTickFreq
                0x2000004c        0x1 ./Drivers/STM32F1xx_HAL_Driver/Src/stm32f1xx_hal.o
                0x2000004c                uwTickFreq
 *fill*         0x2000004d        0x3 
 .data.uwTickPrio
                0x20000050        0x4 ./Drivers/STM32F1xx_HAL_Driver/Src/stm32f1xx_hal.o
                0x20000050                uwTickPrio
 .data.uxCriticalNesting
                0x20000054        0x4 ./Middlewares/Third_Party/FreeRTOS/Source/portable/GCC/ARM_CM3/port.o
 .data.__sglue  0x20000058        0xc C:/ST/STM32CubeIDE_1.19.0/STM32CubeIDE/plugins/com.st.stm32cube.ide.mcu.externaltools.gnu-tools-for-stm32.13.3.rel1.win32_1.0.0.202411081344/tools/bin/../lib/gcc/arm-none-eabi/13.3.1/../../../../arm-none-eabi/lib/thumb/v7-m/nofp\libc_nano.a(libc_a-findfp.o)
                0x20000058                __sglue
 .data._impure_ptr
                0x20000064        0x4 C:/ST/STM32CubeIDE_1.19.0/STM32CubeIDE/plugins/com.st.stm32cube.ide.mcu.externaltools.gnu-tools-for-stm32.13.3.rel1.win32_1.0.0.202411081344/tools/bin/../lib/gcc/arm-none-eabi/13.3.1/../../../../arm-none-eabi/lib/thumb/v7-m/nofp\libc_nano.a(libc_a-impure.o)
                0x20000064                _impure_ptr
 .data._impure_data
                0x20000068       0x4c C:/ST/STM32CubeIDE_1.19.0/STM32CubeIDE/plugins/com.st.stm32cube.ide.mcu.externaltools.gnu-tools-for-stm32.13.3.rel1.win32_1.0.0.202411081344/tools/bin/../lib/gcc/arm-none-eabi/13.3.1/../../../../arm-none-eabi/lib/thumb/v7-m/nofp\libc_nano.a(libc_a-impure.o)
                0x20000068                _impure_data
 *(.RamFunc)
 *(.RamFunc*)
                0x200000b4                        . = ALIGN (0x4)
                0x200000b4                        _edata = .

.igot.plt       0x200000b4        0x0 load address 0x0800a628
 .igot.plt      0x200000b4        0x0 C:/ST/STM32CubeIDE_1.19.0/STM32CubeIDE/plugins/com.st.stm32cube.ide.mcu.externaltools.gnu-tools-for-stm32.13.3.rel1.win32_1.0.0.202411081344/tools/bin/../lib/gcc/arm-none-eabi/13.3.1/thumb/v7-m/nofp/crtbegin.o
                0x200000b4                        . = ALIGN (0x4)

.bss            0x200000b4     0x3a5c load address 0x0800a628
                0x200000b4                        _sbss = .
                0x200000b4                        __bss_start__ = _sbss
 *(.bss)
 .bss           0x200000b4       0x1c C:/ST/STM32CubeIDE_1.19.0/STM32CubeIDE/plugins/com.st.stm32cube.ide.mcu.externaltools.gnu-tools-for-stm32.13.3.rel1.win32_1.0.0.202411081344/tools/bin/../lib/gcc/arm-none-eabi/13.3.1/thumb/v7-m/nofp/crtbegin.o
 *(.bss*)
 .bss.xIdleStack
                0x200000d0      0x200 ./Core/Src/freertos.o
 .bss.xIdleTaskTCBBuffer
                0x200002d0       0xa0 ./Core/Src/freertos.o
 .bss.currentPageIndex
                0x20000370        0x1 ./Core/Src/gui.o
 .bss.LabelIndex
                0x20000371        0x1 ./Core/Src/gui.o
 .bss.ButtonIndex
                0x20000372        0x1 ./Core/Src/gui.o
 .bss.PageIndex
                0x20000373        0x1 ./Core/Src/gui.o
 .bss.ListPage  0x20000374       0x8c ./Core/Src/gui.o
 .bss.ListLabel
                0x20000400      0xaf0 ./Core/Src/gui.o
 .bss.ListButton
                0x20000ef0      0x460 ./Core/Src/gui.o
 .bss.isBHeld.0
                0x20001350        0x1 ./Core/Src/main.o
 .bss.isAHeld.1
                0x20001351        0x1 ./Core/Src/main.o
 .bss.isDownHeld.2
                0x20001352        0x1 ./Core/Src/main.o
 .bss.isUpHeld.3
                0x20001353        0x1 ./Core/Src/main.o
 .bss.isRightHeld.4
                0x20001354        0x1 ./Core/Src/main.o
 .bss.isLeftHeld.5
                0x20001355        0x1 ./Core/Src/main.o
 *fill*         0x20001356        0x2 
 .bss.lastInputTime.6
                0x20001358        0x4 ./Core/Src/main.o
 .bss.wifiModalState
                0x2000135c       0x81 ./Core/Src/main.o
 *fill*         0x200013dd        0x3 
 .bss.ConfigModal
                0x200013e0      0x134 ./Core/Src/main.o
                0x200013e0                ConfigModal
 .bss.WifiModal
                0x20001514      0x134 ./Core/Src/main.o
                0x20001514                WifiModal
 .bss.usr_home  0x20001648      0x134 ./Core/Src/main.o
                0x20001648                usr_home
 .bss.InputEventHandle
                0x2000177c        0x4 ./Core/Src/main.o
                0x2000177c                InputEventHandle
 .bss.StartInputTaskHandle
                0x20001780        0x4 ./Core/Src/main.o
                0x20001780                StartInputTaskHandle
 .bss.defaultTaskHandle
                0x20001784        0x4 ./Core/Src/main.o
                0x20001784                defaultTaskHandle
 .bss.huart3    0x20001788       0x48 ./Core/Src/main.o
                0x20001788                huart3
 .bss.hspi2     0x200017d0       0x58 ./Core/Src/main.o
                0x200017d0                hspi2
 .bss.hspi1     0x20001828       0x58 ./Core/Src/main.o
                0x20001828                hspi1
 .bss.hadc2     0x20001880       0x30 ./Core/Src/main.o
                0x20001880                hadc2
 .bss.hadc1     0x200018b0       0x30 ./Core/Src/main.o
                0x200018b0                hadc1
 .bss.htim2     0x200018e0       0x48 ./Core/Src/stm32f1xx_hal_timebase_tim.o
                0x200018e0                htim2
 .bss.__sbrk_heap_end
                0x20001928        0x4 ./Core/Src/sysmem.o
 .bss.uwTick    0x2000192c        0x4 ./Drivers/STM32F1xx_HAL_Driver/Src/stm32f1xx_hal.o
                0x2000192c                uwTick
 .bss.uxSchedulerSuspended
                0x20001930        0x4 ./Middlewares/Third_Party/FreeRTOS/Source/tasks.o
 .bss.xIdleTaskHandle
                0x20001934        0x4 ./Middlewares/Third_Party/FreeRTOS/Source/tasks.o
 .bss.xNextTaskUnblockTime
                0x20001938        0x4 ./Middlewares/Third_Party/FreeRTOS/Source/tasks.o
 .bss.uxTaskNumber
                0x2000193c        0x4 ./Middlewares/Third_Party/FreeRTOS/Source/tasks.o
 .bss.xNumOfOverflows
                0x20001940        0x4 ./Middlewares/Third_Party/FreeRTOS/Source/tasks.o
 .bss.xYieldPending
                0x20001944        0x4 ./Middlewares/Third_Party/FreeRTOS/Source/tasks.o
 .bss.xPendedTicks
                0x20001948        0x4 ./Middlewares/Third_Party/FreeRTOS/Source/tasks.o
 .bss.xSchedulerRunning
                0x2000194c        0x4 ./Middlewares/Third_Party/FreeRTOS/Source/tasks.o
 .bss.uxTopReadyPriority
                0x20001950        0x4 ./Middlewares/Third_Party/FreeRTOS/Source/tasks.o
 .bss.xTickCount
                0x20001954        0x4 ./Middlewares/Third_Party/FreeRTOS/Source/tasks.o
 .bss.uxCurrentNumberOfTasks
                0x20001958        0x4 ./Middlewares/Third_Party/FreeRTOS/Source/tasks.o
 .bss.xSuspendedTaskList
                0x2000195c       0x14 ./Middlewares/Third_Party/FreeRTOS/Source/tasks.o
 .bss.uxDeletedTasksWaitingCleanUp
                0x20001970        0x4 ./Middlewares/Third_Party/FreeRTOS/Source/tasks.o
 .bss.xTasksWaitingTermination
                0x20001974       0x14 ./Middlewares/Third_Party/FreeRTOS/Source/tasks.o
 .bss.xPendingReadyList
                0x20001988       0x14 ./Middlewares/Third_Party/FreeRTOS/Source/tasks.o
 .bss.pxOverflowDelayedTaskList
                0x2000199c        0x4 ./Middlewares/Third_Party/FreeRTOS/Source/tasks.o
 .bss.pxDelayedTaskList
                0x200019a0        0x4 ./Middlewares/Third_Party/FreeRTOS/Source/tasks.o
 .bss.xDelayedTaskList2
                0x200019a4       0x14 ./Middlewares/Third_Party/FreeRTOS/Source/tasks.o
 .bss.xDelayedTaskList1
                0x200019b8       0x14 ./Middlewares/Third_Party/FreeRTOS/Source/tasks.o
 .bss.pxReadyTasksLists
                0x200019cc       0x8c ./Middlewares/Third_Party/FreeRTOS/Source/tasks.o
 .bss.pxCurrentTCB
                0x20001a58        0x4 ./Middlewares/Third_Party/FreeRTOS/Source/tasks.o
                0x20001a58                pxCurrentTCB
 .bss.ulMaxPRIGROUPValue
                0x20001a5c        0x4 ./Middlewares/Third_Party/FreeRTOS/Source/portable/GCC/ARM_CM3/port.o
 .bss.ucMaxSysCallPriority
                0x20001a60        0x1 ./Middlewares/Third_Party/FreeRTOS/Source/portable/GCC/ARM_CM3/port.o
 *fill*         0x20001a61        0x3 
 .bss.xBlockAllocatedBit
                0x20001a64        0x4 ./Middlewares/Third_Party/FreeRTOS/Source/portable/MemMang/heap_4.o
 .bss.xNumberOfSuccessfulFrees
                0x20001a68        0x4 ./Middlewares/Third_Party/FreeRTOS/Source/portable/MemMang/heap_4.o
 .bss.xNumberOfSuccessfulAllocations
                0x20001a6c        0x4 ./Middlewares/Third_Party/FreeRTOS/Source/portable/MemMang/heap_4.o
 .bss.xMinimumEverFreeBytesRemaining
                0x20001a70        0x4 ./Middlewares/Third_Party/FreeRTOS/Source/portable/MemMang/heap_4.o
 .bss.xFreeBytesRemaining
                0x20001a74        0x4 ./Middlewares/Third_Party/FreeRTOS/Source/portable/MemMang/heap_4.o
 .bss.pxEnd     0x20001a78        0x4 ./Middlewares/Third_Party/FreeRTOS/Source/portable/MemMang/heap_4.o
 .bss.xStart    0x20001a7c        0x8 ./Middlewares/Third_Party/FreeRTOS/Source/portable/MemMang/heap_4.o
 .bss.ucHeap    0x20001a84     0x1f40 ./Middlewares/Third_Party/FreeRTOS/Source/portable/MemMang/heap_4.o
 .bss.__malloc_sbrk_start
                0x200039c4        0x4 C:/ST/STM32CubeIDE_1.19.0/STM32CubeIDE/plugins/com.st.stm32cube.ide.mcu.externaltools.gnu-tools-for-stm32.13.3.rel1.win32_1.0.0.202411081344/tools/bin/../lib/gcc/arm-none-eabi/13.3.1/../../../../arm-none-eabi/lib/thumb/v7-m/nofp\libc_nano.a(libc_a-mallocr.o)
                0x200039c4                __malloc_sbrk_start
 .bss.__malloc_free_list
                0x200039c8        0x4 C:/ST/STM32CubeIDE_1.19.0/STM32CubeIDE/plugins/com.st.stm32cube.ide.mcu.externaltools.gnu-tools-for-stm32.13.3.rel1.win32_1.0.0.202411081344/tools/bin/../lib/gcc/arm-none-eabi/13.3.1/../../../../arm-none-eabi/lib/thumb/v7-m/nofp\libc_nano.a(libc_a-mallocr.o)
                0x200039c8                __malloc_free_list
 .bss.__sf      0x200039cc      0x138 C:/ST/STM32CubeIDE_1.19.0/STM32CubeIDE/plugins/com.st.stm32cube.ide.mcu.externaltools.gnu-tools-for-stm32.13.3.rel1.win32_1.0.0.202411081344/tools/bin/../lib/gcc/arm-none-eabi/13.3.1/../../../../arm-none-eabi/lib/thumb/v7-m/nofp\libc_nano.a(libc_a-findfp.o)
                0x200039cc                __sf
 .bss.__stdio_exit_handler
                0x20003b04        0x4 C:/ST/STM32CubeIDE_1.19.0/STM32CubeIDE/plugins/com.st.stm32cube.ide.mcu.externaltools.gnu-tools-for-stm32.13.3.rel1.win32_1.0.0.202411081344/tools/bin/../lib/gcc/arm-none-eabi/13.3.1/../../../../arm-none-eabi/lib/thumb/v7-m/nofp\libc_nano.a(libc_a-findfp.o)
                0x20003b04                __stdio_exit_handler
 .bss.errno     0x20003b08        0x4 C:/ST/STM32CubeIDE_1.19.0/STM32CubeIDE/plugins/com.st.stm32cube.ide.mcu.externaltools.gnu-tools-for-stm32.13.3.rel1.win32_1.0.0.202411081344/tools/bin/../lib/gcc/arm-none-eabi/13.3.1/../../../../arm-none-eabi/lib/thumb/v7-m/nofp\libc_nano.a(libc_a-reent.o)
                0x20003b08                errno
 .bss.__lock___malloc_recursive_mutex
                0x20003b0c        0x1 C:/ST/STM32CubeIDE_1.19.0/STM32CubeIDE/plugins/com.st.stm32cube.ide.mcu.externaltools.gnu-tools-for-stm32.13.3.rel1.win32_1.0.0.202411081344/tools/bin/../lib/gcc/arm-none-eabi/13.3.1/../../../../arm-none-eabi/lib/thumb/v7-m/nofp\libc_nano.a(libc_a-lock.o)
                0x20003b0c                __lock___malloc_recursive_mutex
 .bss.__lock___sfp_recursive_mutex